     VMA      LMA     Size Align Out     In      Symbol
       0        0 80200000     1 . = 0x80200000
80200000 80200000      3be     4 .text
80200000 80200000        e     2         /tmp/kernel-e28af9.o:(.text.boot)
80200000 80200000        0     1                 
80200000 80200000        0     1                 
80200000 80200000        0     1                 $x.1
80200000 80200000        0     1                 
80200000 80200000        e     1                 boot
8020000e 8020000e        0     1                 
8020000e 8020000e        0     1                 
80200010 80200010      158     4         /tmp/kernel-e28af9.o:(.text)
80200010 80200010        0     1                 
80200010 80200010        0     1                 
80200010 80200010        0     1                 $x.0
80200010 80200010        0     1                 
80200010 80200010        6     1                 sbi_call
80200014 80200014        0     1                 
80200016 80200016        0     1                 
80200016 80200016        0     1                 
80200016 80200016        0     1                 
80200016 80200016       14     1                 putchar
80200028 80200028        0     1                 
8020002c 8020002c        0     1                 
8020002c 8020002c        0     1                 
8020002c 8020002c        0     1                 
8020002c 8020002c       90     1                 kernel_entry
802000bc 802000bc        0     1                 
802000bc 802000bc        0     1                 
802000bc 802000bc        0     1                 
802000bc 802000bc        0     1                 
802000bc 802000bc        0     1                 
802000bc 802000bc       84     1                 kernel_main
802000c0 802000c0        0     1                 
802000d6 802000d6        0     1                 
802000d6 802000d6        0     1                 
802000de 802000de        0     1                 
802000e2 802000e2        0     1                 
802000e2 802000e2        0     1                 
802000e8 802000e8        0     1                 
802000e8 802000e8        0     1                 
802000ec 802000ec        0     1                 
802000f4 802000f4        0     1                 
80200100 80200100        0     1                 .LBB3_1
80200100 80200100        0     1                 
80200100 80200100        0     1                 
80200104 80200104        0     1                 
80200104 80200104        0     1                 
8020010a 8020010a        0     1                 
8020010a 8020010a        0     1                 
8020010e 8020010e        0     1                 
80200110 80200110        0     1                 
80200114 80200114        0     1                 
80200114 80200114        0     1                 
80200126 80200126        0     1                 
80200126 80200126        0     1                 
8020013a 8020013a        0     1                 
8020013a 8020013a        0     1                 .LBB3_3
8020013a 8020013a        0     1                 
8020013e 8020013e        0     1                 
80200140 80200140        0     1                 
80200140 80200140        0     1                 
80200140 80200140        0     1                 
80200140 80200140        0     1                 
80200140 80200140        0     1                 
80200140 80200140       28     1                 handle_trap
80200144 80200144        0     1                 
80200144 80200144        0     1                 
80200148 80200148        0     1                 
80200148 80200148        0     1                 
8020014c 8020014c        0     1                 
8020014c 8020014c        0     1                 
80200150 80200150        0     1                 
80200150 80200150        0     1                 
80200154 80200154        0     1                 
80200166 80200166        0     1                 
80200166 80200166        0     1                 .LBB4_1
80200168 80200168        0     1                 
80200168 80200168        0     1                 
80200168 80200168      256     2         /tmp/common-9ab4f9.o:(.text)
80200168 80200168        0     1                 
80200168 80200168        0     1                 
80200168 80200168        0     1                 $x.0
80200168 80200168        0     1                 
80200168 80200168      1a2     1                 printf
80200196 80200196        0     1                 
802001be 802001be        0     1                 .LBB0_1
802001be 802001be        0     1                 
802001c2 802001c2        0     1                 .LBB0_2
802001c2 802001c2        0     1                 
802001c4 802001c4        0     1                 .LBB0_3
802001c4 802001c4        0     1                 
802001c8 802001c8        0     1                 
802001d0 802001d0        0     1                 
802001d2 802001d2        0     1                 
802001d2 802001d2        0     1                 
802001d4 802001d4        0     1                 
802001d6 802001d6        0     1                 .LBB0_6
802001d6 802001d6        0     1                 
802001da 802001da        0     1                 
802001dc 802001dc        0     1                 
802001e8 802001e8        0     1                 
802001e8 802001e8        0     1                 
802001f2 802001f2        0     1                 
802001f2 802001f2        0     1                 
802001f6 802001f6        0     1                 
802001f6 802001f6        0     1                 
802001f8 802001f8        0     1                 
802001fc 802001fc        0     1                 
802001fe 802001fe        0     1                 
802001fe 802001fe        0     1                 
80200204 80200204        0     1                 
80200204 80200204        0     1                 
80200206 80200206        0     1                 
8020020a 8020020a        0     1                 
8020020c 8020020c        0     1                 
8020020c 8020020c        0     1                 
80200212 80200212        0     1                 
80200212 80200212        0     1                 
80200214 80200214        0     1                 
80200218 80200218        0     1                 
8020021a 8020021a        0     1                 
8020021a 8020021a        0     1                 
80200220 80200220        0     1                 
80200220 80200220        0     1                 
80200222 80200222        0     1                 
80200226 80200226        0     1                 
80200228 80200228        0     1                 
80200228 80200228        0     1                 
8020022e 8020022e        0     1                 
8020022e 8020022e        0     1                 
80200230 80200230        0     1                 
80200234 80200234        0     1                 
80200236 80200236        0     1                 
80200236 80200236        0     1                 
8020023c 8020023c        0     1                 
8020023c 8020023c        0     1                 
8020023e 8020023e        0     1                 
80200242 80200242        0     1                 
80200244 80200244        0     1                 
80200244 80200244        0     1                 
8020024a 8020024a        0     1                 
8020024a 8020024a        0     1                 
8020024c 8020024c        0     1                 
80200250 80200250        0     1                 
80200252 80200252        0     1                 
80200252 80200252        0     1                 
80200254 80200254        0     1                 
80200254 80200254        0     1                 
80200256 80200256        0     1                 
8020025a 8020025a        0     1                 
8020025a 8020025a        0     1                 
8020025c 8020025c        0     1                 
8020025c 8020025c        0     1                 
8020025e 8020025e        0     1                 
80200260 80200260        0     1                 .LBB0_10
80200260 80200260        0     1                 
80200260 80200260        0     1                 
80200268 80200268        0     1                 
80200268 80200268        0     1                 
80200274 80200274        0     1                 
80200274 80200274        0     1                 
80200278 80200278        0     1                 
80200278 80200278        0     1                 
8020027a 8020027a        0     1                 
80200280 80200280        0     1                 .LBB0_13
80200280 80200280        0     1                 
80200280 80200280        0     1                 
8020028a 8020028a        0     1                 
8020028a 8020028a        0     1                 
8020028e 8020028e        0     1                 
80200294 80200294        0     1                 
80200294 80200294        0     1                 .LBB0_15
80200294 80200294        0     1                 
8020029a 8020029a        0     1                 
8020029a 8020029a        0     1                 
8020029e 8020029e        0     1                 
802002a0 802002a0        0     1                 
802002a4 802002a4        0     1                 .LBB0_16
802002a4 802002a4        0     1                 
802002a4 802002a4        0     1                 
802002aa 802002aa        0     1                 
802002aa 802002aa        0     1                 
802002ae 802002ae        0     1                 
802002ae 802002ae        0     1                 
802002b0 802002b0        0     1                 
802002b4 802002b4        0     1                 .LBB0_17
802002b4 802002b4        0     1                 
802002b6 802002b6        0     1                 
802002b6 802002b6        0     1                 .LBB0_18
802002b6 802002b6        0     1                 
802002ba 802002ba        0     1                 
802002be 802002be        0     1                 
802002c2 802002c2        0     1                 .LBB0_19
802002c2 802002c2        0     1                 
802002c2 802002c2        0     1                 
802002c4 802002c4        0     1                 
802002c4 802002c4        0     1                 
802002c8 802002c8        0     1                 
802002cc 802002cc        0     1                 
802002d2 802002d2        0     1                 
802002d2 802002d2        0     1                 
802002e0 802002e0        0     1                 
802002e0 802002e0        0     1                 
802002e6 802002e6        0     1                 .LBB0_20
802002e6 802002e6        0     1                 
802002e6 802002e6        0     1                 
802002ec 802002ec        0     1                 .LBB0_21
802002ec 802002ec        0     1                 
802002ec 802002ec        0     1                 
802002f0 802002f0        0     1                 
80200306 80200306        0     1                 
8020030a 8020030a        0     1                 
8020030a 8020030a        0     1                 
8020030a 8020030a        0     1                 
8020030a 8020030a        0     1                 
8020030a 8020030a        0     1                 
8020030a 8020030a       1c     1                 memcpy
8020030e 8020030e        0     1                 
8020030e 8020030e        0     1                 
80200310 80200310        0     1                 
80200310 80200310        0     1                 .LBB1_2
80200310 80200310        0     1                 
80200314 80200314        0     1                 
80200316 80200316        0     1                 
8020031a 8020031a        0     1                 
8020031a 8020031a        0     1                 
8020031e 8020031e        0     1                 
80200320 80200320        0     1                 
80200320 80200320        0     1                 
80200324 80200324        0     1                 .LBB1_3
80200324 80200324        0     1                 
80200324 80200324        0     1                 
80200326 80200326        0     1                 
80200326 80200326        0     1                 
80200326 80200326        0     1                 
80200326 80200326        0     1                 
80200326 80200326        0     1                 
80200326 80200326       16     1                 memset
8020032a 8020032a        0     1                 
8020032a 8020032a        0     1                 
8020032c 8020032c        0     1                 
8020032c 8020032c        0     1                 .LBB2_2
8020032c 8020032c        0     1                 
80200330 80200330        0     1                 
80200330 80200330        0     1                 
80200334 80200334        0     1                 
80200336 80200336        0     1                 
80200336 80200336        0     1                 
8020033a 8020033a        0     1                 .LBB2_3
8020033a 8020033a        0     1                 
8020033a 8020033a        0     1                 
8020033c 8020033c        0     1                 
8020033c 8020033c        0     1                 
8020033c 8020033c        0     1                 
8020033c 8020033c        0     1                 
8020033c 8020033c        0     1                 
8020033c 8020033c       24     1                 strcpy
80200342 80200342        0     1                 
80200346 80200346        0     1                 
80200346 80200346        0     1                 
80200348 80200348        0     1                 
80200348 80200348        0     1                 .LBB3_2
80200348 80200348        0     1                 
8020034c 8020034c        0     1                 
80200350 80200350        0     1                 
80200354 80200354        0     1                 
80200354 80200354        0     1                 
80200356 80200356        0     1                 
80200356 80200356        0     1                 
80200358 80200358        0     1                 
8020035a 8020035a        0     1                 .LBB3_3
8020035a 8020035a        0     1                 
8020035a 8020035a        0     1                 
8020035e 8020035e        0     1                 
80200360 80200360        0     1                 
80200360 80200360        0     1                 
80200360 80200360        0     1                 
80200360 80200360        0     1                 
80200360 80200360        0     1                 
80200360 80200360       30     1                 strcpy_s
80200364 80200364        0     1                 
80200368 80200368        0     1                 
8020036c 8020036c        0     1                 
8020036c 8020036c        0     1                 .LBB4_2
8020036c 8020036c        0     1                 
80200370 80200370        0     1                 
80200372 80200372        0     1                 
80200374 80200374        0     1                 
80200378 80200378        0     1                 
80200378 80200378        0     1                 
8020037a 8020037a        0     1                 
80200380 80200380        0     1                 
80200386 80200386        0     1                 .LBB4_4
80200386 80200386        0     1                 
80200386 80200386        0     1                 
80200388 80200388        0     1                 .LBB4_5
80200388 80200388        0     1                 
80200388 80200388        0     1                 
8020038c 8020038c        0     1                 
8020038e 8020038e        0     1                 
80200390 80200390        0     1                 
80200390 80200390        0     1                 
80200390 80200390        0     1                 
80200390 80200390        0     1                 
80200390 80200390        0     1                 
80200390 80200390       2e     1                 strcmp
80200394 80200394        0     1                 
80200396 80200396        0     1                 
80200398 80200398        0     1                 
80200398 80200398        0     1                 .LBB5_2
80200398 80200398        0     1                 
802003a0 802003a0        0     1                 
802003a4 802003a4        0     1                 
802003a4 802003a4        0     1                 
802003a8 802003a8        0     1                 
802003aa 802003aa        0     1                 
802003ac 802003ac        0     1                 
802003ae 802003ae        0     1                 .LBB5_4
802003ae 802003ae        0     1                 
802003b4 802003b4        0     1                 .LBB5_5
802003b4 802003b4        0     1                 
802003b4 802003b4        0     1                 
802003b6 802003b6        0     1                 .LBB5_6
802003b6 802003b6        0     1                 
802003b6 802003b6        0     1                 
802003ba 802003ba        0     1                 
802003ba 802003ba        0     1                 
802003bc 802003bc        0     1                 
802003be 802003be        0     1                 
802003be 802003be        0     1                 
802003c0 802003c0       9e     4 .rodata
802003c0 802003c0       9e     1         <internal>:(.rodata.str1.1)
80200460 80200460        0     4 .bss
80200460 80200460        0     1         __bss = .
80200460 80200460        0     1         __bss_end = .
80200460 80200460        0     1 . = ALIGN ( 4 )
80200460 80200460    20000     1 . += 128 * 1024
80220460 80220460        0     1 __stack_top = .
       0        0      45e     1 .debug_loc
       0        0      148     1         /tmp/kernel-e28af9.o:(.debug_loc)
       0        0        0     1                 
       0        0        0     1                 $d.3
      1b       1b        0     1                 
      36       36        0     1                 
      51       51        0     1                 
      6e       6e        0     1                 
      89       89        0     1                 
      a4       a4        0     1                 
      bf       bf        0     1                 
      dc       dc        0     1                 
      f7       f7        0     1                 
     112      112        0     1                 
     12d      12d        0     1                 
     148      148      316     1         /tmp/common-9ab4f9.o:(.debug_loc)
     148      148        0     1                 
     148      148        0     1                 $d.2
     166      166        0     1                 
     1e3      1e3        0     1                 
     1f6      1f6        0     1                 
     256      256        0     1                 
     274      274        0     1                 
     2b7      2b7        0     1                 
     2e2      2e2        0     1                 
     2f5      2f5        0     1                 
     329      329        0     1                 
     33e      33e        0     1                 
     372      372        0     1                 
     387      387        0     1                 
     3a5      3a5        0     1                 
     3ce      3ce        0     1                 
     402      402        0     1                 
     415      415        0     1                 
     44b      44b        0     1                 
       0        0      2d2     1 .debug_abbrev
       0        0      1aa     1         /tmp/kernel-e28af9.o:(.debug_abbrev)
       0        0        0     1                 $d.4
     1aa      1aa      128     1         /tmp/common-9ab4f9.o:(.debug_abbrev)
     1aa      1aa        0     1                 $d.3
       0        0      9de     1 .debug_info
       0        0      674     1         /tmp/kernel-e28af9.o:(.debug_info)
       0        0        0     1                 $d.5
     674      674      36a     1         /tmp/common-9ab4f9.o:(.debug_info)
     674      674        0     1                 $d.4
       0        0       30     1 .debug_ranges
       0        0       18     1         /tmp/kernel-e28af9.o:(.debug_ranges)
       0        0        0     1                 
       0        0        0     1                 $d.6
      18       18       18     1         /tmp/common-9ab4f9.o:(.debug_ranges)
      18       18        0     1                 
      18       18        0     1                 $d.5
       0        0      238     1 .debug_str
       0        0      238     1         <internal>:(.debug_str)
       0        0       42     1 .comment
       0        0       42     1         <internal>:(.comment)
       0        0       2b     1 .riscv.attributes
       0        0       2b     1         <internal>:(.riscv.attributes)
       0        0      118     4 .debug_frame
       0        0       84     4         /tmp/kernel-e28af9.o:(.debug_frame)
       0        0        0     1                 
       0        0        0     1                 $d.10
      84       84       94     4         /tmp/common-9ab4f9.o:(.debug_frame)
      84       84        0     1                 
      84       84        0     1                 $d.9
       0        0      544     1 .debug_line
       0        0      124     1         /tmp/kernel-e28af9.o:(.debug_line)
       0        0        0     1                 .Lline_table_start0
       0        0        0     1                 $d.11
     124      124      420     1         /tmp/common-9ab4f9.o:(.debug_line)
     124      124        0     1                 .Lline_table_start0
     124      124        0     1                 $d.10
       0        0     1ce0     4 .symtab
       0        0     1ce0     4         <internal>:(.symtab)
       0        0       a0     1 .shstrtab
       0        0       a0     1         <internal>:(.shstrtab)
       0        0      10c     1 .strtab
       0        0      10c     1         <internal>:(.strtab)
