     VMA      LMA     Size Align Out     In      Symbol
       0        0 80200000     1 . = 0x80200000
80200000 80200000      446     4 .text
80200000 80200000        e     2         /tmp/kernel-92f835.o:(.text.boot)
80200000 80200000        0     1                 
80200000 80200000        0     1                 
80200000 80200000        0     1                 $x.1
80200000 80200000        0     1                 
80200000 80200000        e     1                 boot
8020000e 8020000e        0     1                 
8020000e 8020000e        0     1                 
80200010 80200010      1e0     4         /tmp/kernel-92f835.o:(.text)
80200010 80200010        0     1                 
80200010 80200010        0     1                 
80200010 80200010        0     1                 $x.0
80200010 80200010        0     1                 
80200010 80200010        6     1                 sbi_call
80200014 80200014        0     1                 
80200016 80200016        0     1                 
80200016 80200016        0     1                 
80200016 80200016        0     1                 
80200016 80200016       14     1                 putchar
80200028 80200028        0     1                 
8020002c 8020002c        0     1                 
8020002c 8020002c        0     1                 
8020002c 8020002c        0     1                 
8020002c 8020002c       90     1                 kernel_entry
802000bc 802000bc        0     1                 
802000bc 802000bc        0     1                 
802000bc 802000bc        0     1                 
802000bc 802000bc        0     1                 
802000bc 802000bc        0     1                 
802000bc 802000bc       4e     1                 alloc_pages
802000c2 802000c2        0     1                 
802000ca 802000ca        0     1                 
802000ca 802000ca        0     1                 
802000ce 802000ce        0     1                 
802000d2 802000d2        0     1                 
802000d2 802000d2        0     1                 
802000da 802000da        0     1                 
802000de 802000de        0     1                 
802000e2 802000e2        0     1                 
802000f8 802000f8        0     1                 
802000f8 802000f8        0     1                 .LBB3_2
802000fa 802000fa        0     1                 .LBB3_3
802000fa 802000fa        0     1                 
80200100 80200100        0     1                 
80200100 80200100        0     1                 
80200106 80200106        0     1                 
80200106 80200106        0     1                 
8020010a 8020010a        0     1                 
8020010a 8020010a        0     1                 
8020010a 8020010a        0     1                 
8020010a 8020010a        0     1                 
8020010a 8020010a        0     1                 
8020010a 8020010a       28     1                 handle_trap
8020010e 8020010e        0     1                 
8020010e 8020010e        0     1                 
80200112 80200112        0     1                 
80200112 80200112        0     1                 
80200116 80200116        0     1                 
80200116 80200116        0     1                 
8020011a 8020011a        0     1                 
8020011a 8020011a        0     1                 
8020011e 8020011e        0     1                 
80200130 80200130        0     1                 
80200130 80200130        0     1                 .LBB4_1
80200132 80200132        0     1                 
80200132 80200132        0     1                 
80200132 80200132        0     1                 
80200132 80200132        0     1                 
80200132 80200132        0     1                 
80200132 80200132       be     1                 kernel_main
8020013e 8020013e        0     1                 
80200154 80200154        0     1                 
80200154 80200154        0     1                 
8020015c 8020015c        0     1                 
8020015c 8020015c        0     1                 
8020015e 8020015e        0     1                 
80200160 80200160        0     1                 
80200168 80200168        0     1                 
8020016c 8020016c        0     1                 
80200170 80200170        0     1                 
80200186 80200186        0     1                 
80200186 80200186        0     1                 .LBB5_2
80200188 80200188        0     1                 .LBB5_3
80200188 80200188        0     1                 
80200190 80200190        0     1                 
80200190 80200190        0     1                 
80200194 80200194        0     1                 
80200194 80200194        0     1                 
80200196 80200196        0     1                 
8020019c 8020019c        0     1                 
802001a0 802001a0        0     1                 
802001a0 802001a0        0     1                 
802001b6 802001b6        0     1                 
802001b6 802001b6        0     1                 .LBB5_5
802001b8 802001b8        0     1                 .LBB5_6
802001b8 802001b8        0     1                 
802001c0 802001c0        0     1                 
802001c0 802001c0        0     1                 
802001cc 802001cc        0     1                 
802001cc 802001cc        0     1                 
802001d8 802001d8        0     1                 
802001d8 802001d8        0     1                 
802001ee 802001ee        0     1                 
802001ee 802001ee        0     1                 .LBB5_7
802001f0 802001f0        0     1                 
802001f0 802001f0        0     1                 
802001f0 802001f0      256     2         /tmp/common-05848c.o:(.text)
802001f0 802001f0        0     1                 
802001f0 802001f0        0     1                 
802001f0 802001f0        0     1                 $x.0
802001f0 802001f0        0     1                 
802001f0 802001f0      1a2     1                 printf
8020021e 8020021e        0     1                 
80200246 80200246        0     1                 .LBB0_1
80200246 80200246        0     1                 
8020024a 8020024a        0     1                 .LBB0_2
8020024a 8020024a        0     1                 
8020024c 8020024c        0     1                 .LBB0_3
8020024c 8020024c        0     1                 
80200250 80200250        0     1                 
80200258 80200258        0     1                 
8020025a 8020025a        0     1                 
8020025a 8020025a        0     1                 
8020025c 8020025c        0     1                 
8020025e 8020025e        0     1                 .LBB0_6
8020025e 8020025e        0     1                 
80200262 80200262        0     1                 
80200264 80200264        0     1                 
80200270 80200270        0     1                 
80200270 80200270        0     1                 
8020027a 8020027a        0     1                 
8020027a 8020027a        0     1                 
8020027e 8020027e        0     1                 
8020027e 8020027e        0     1                 
80200280 80200280        0     1                 
80200284 80200284        0     1                 
80200286 80200286        0     1                 
80200286 80200286        0     1                 
8020028c 8020028c        0     1                 
8020028c 8020028c        0     1                 
8020028e 8020028e        0     1                 
80200292 80200292        0     1                 
80200294 80200294        0     1                 
80200294 80200294        0     1                 
8020029a 8020029a        0     1                 
8020029a 8020029a        0     1                 
8020029c 8020029c        0     1                 
802002a0 802002a0        0     1                 
802002a2 802002a2        0     1                 
802002a2 802002a2        0     1                 
802002a8 802002a8        0     1                 
802002a8 802002a8        0     1                 
802002aa 802002aa        0     1                 
802002ae 802002ae        0     1                 
802002b0 802002b0        0     1                 
802002b0 802002b0        0     1                 
802002b6 802002b6        0     1                 
802002b6 802002b6        0     1                 
802002b8 802002b8        0     1                 
802002bc 802002bc        0     1                 
802002be 802002be        0     1                 
802002be 802002be        0     1                 
802002c4 802002c4        0     1                 
802002c4 802002c4        0     1                 
802002c6 802002c6        0     1                 
802002ca 802002ca        0     1                 
802002cc 802002cc        0     1                 
802002cc 802002cc        0     1                 
802002d2 802002d2        0     1                 
802002d2 802002d2        0     1                 
802002d4 802002d4        0     1                 
802002d8 802002d8        0     1                 
802002da 802002da        0     1                 
802002da 802002da        0     1                 
802002dc 802002dc        0     1                 
802002dc 802002dc        0     1                 
802002de 802002de        0     1                 
802002e2 802002e2        0     1                 
802002e2 802002e2        0     1                 
802002e4 802002e4        0     1                 
802002e4 802002e4        0     1                 
802002e6 802002e6        0     1                 
802002e8 802002e8        0     1                 .LBB0_10
802002e8 802002e8        0     1                 
802002e8 802002e8        0     1                 
802002f0 802002f0        0     1                 
802002f0 802002f0        0     1                 
802002fc 802002fc        0     1                 
802002fc 802002fc        0     1                 
80200300 80200300        0     1                 
80200300 80200300        0     1                 
80200302 80200302        0     1                 
80200308 80200308        0     1                 .LBB0_13
80200308 80200308        0     1                 
80200308 80200308        0     1                 
80200312 80200312        0     1                 
80200312 80200312        0     1                 
80200316 80200316        0     1                 
8020031c 8020031c        0     1                 
8020031c 8020031c        0     1                 .LBB0_15
8020031c 8020031c        0     1                 
80200322 80200322        0     1                 
80200322 80200322        0     1                 
80200326 80200326        0     1                 
80200328 80200328        0     1                 
8020032c 8020032c        0     1                 .LBB0_16
8020032c 8020032c        0     1                 
8020032c 8020032c        0     1                 
80200332 80200332        0     1                 
80200332 80200332        0     1                 
80200336 80200336        0     1                 
80200336 80200336        0     1                 
80200338 80200338        0     1                 
8020033c 8020033c        0     1                 .LBB0_17
8020033c 8020033c        0     1                 
8020033e 8020033e        0     1                 
8020033e 8020033e        0     1                 .LBB0_18
8020033e 8020033e        0     1                 
80200342 80200342        0     1                 
80200346 80200346        0     1                 
8020034a 8020034a        0     1                 .LBB0_19
8020034a 8020034a        0     1                 
8020034a 8020034a        0     1                 
8020034c 8020034c        0     1                 
8020034c 8020034c        0     1                 
80200350 80200350        0     1                 
80200354 80200354        0     1                 
8020035a 8020035a        0     1                 
8020035a 8020035a        0     1                 
80200368 80200368        0     1                 
80200368 80200368        0     1                 
8020036e 8020036e        0     1                 .LBB0_20
8020036e 8020036e        0     1                 
8020036e 8020036e        0     1                 
80200374 80200374        0     1                 .LBB0_21
80200374 80200374        0     1                 
80200374 80200374        0     1                 
80200378 80200378        0     1                 
8020038e 8020038e        0     1                 
80200392 80200392        0     1                 
80200392 80200392        0     1                 
80200392 80200392        0     1                 
80200392 80200392        0     1                 
80200392 80200392        0     1                 
80200392 80200392       1c     1                 memcpy
80200396 80200396        0     1                 
80200396 80200396        0     1                 
80200398 80200398        0     1                 
80200398 80200398        0     1                 .LBB1_2
80200398 80200398        0     1                 
8020039c 8020039c        0     1                 
8020039e 8020039e        0     1                 
802003a2 802003a2        0     1                 
802003a2 802003a2        0     1                 
802003a6 802003a6        0     1                 
802003a8 802003a8        0     1                 
802003a8 802003a8        0     1                 
802003ac 802003ac        0     1                 .LBB1_3
802003ac 802003ac        0     1                 
802003ac 802003ac        0     1                 
802003ae 802003ae        0     1                 
802003ae 802003ae        0     1                 
802003ae 802003ae        0     1                 
802003ae 802003ae        0     1                 
802003ae 802003ae        0     1                 
802003ae 802003ae       16     1                 memset
802003b2 802003b2        0     1                 
802003b2 802003b2        0     1                 
802003b4 802003b4        0     1                 
802003b4 802003b4        0     1                 .LBB2_2
802003b4 802003b4        0     1                 
802003b8 802003b8        0     1                 
802003b8 802003b8        0     1                 
802003bc 802003bc        0     1                 
802003be 802003be        0     1                 
802003be 802003be        0     1                 
802003c2 802003c2        0     1                 .LBB2_3
802003c2 802003c2        0     1                 
802003c2 802003c2        0     1                 
802003c4 802003c4        0     1                 
802003c4 802003c4        0     1                 
802003c4 802003c4        0     1                 
802003c4 802003c4        0     1                 
802003c4 802003c4        0     1                 
802003c4 802003c4       24     1                 strcpy
802003ca 802003ca        0     1                 
802003ce 802003ce        0     1                 
802003ce 802003ce        0     1                 
802003d0 802003d0        0     1                 
802003d0 802003d0        0     1                 .LBB3_2
802003d0 802003d0        0     1                 
802003d4 802003d4        0     1                 
802003d8 802003d8        0     1                 
802003dc 802003dc        0     1                 
802003dc 802003dc        0     1                 
802003de 802003de        0     1                 
802003de 802003de        0     1                 
802003e0 802003e0        0     1                 
802003e2 802003e2        0     1                 .LBB3_3
802003e2 802003e2        0     1                 
802003e2 802003e2        0     1                 
802003e6 802003e6        0     1                 
802003e8 802003e8        0     1                 
802003e8 802003e8        0     1                 
802003e8 802003e8        0     1                 
802003e8 802003e8        0     1                 
802003e8 802003e8        0     1                 
802003e8 802003e8       30     1                 strcpy_s
802003ec 802003ec        0     1                 
802003f0 802003f0        0     1                 
802003f4 802003f4        0     1                 
802003f4 802003f4        0     1                 .LBB4_2
802003f4 802003f4        0     1                 
802003f8 802003f8        0     1                 
802003fa 802003fa        0     1                 
802003fc 802003fc        0     1                 
80200400 80200400        0     1                 
80200400 80200400        0     1                 
80200402 80200402        0     1                 
80200408 80200408        0     1                 
8020040e 8020040e        0     1                 .LBB4_4
8020040e 8020040e        0     1                 
8020040e 8020040e        0     1                 
80200410 80200410        0     1                 .LBB4_5
80200410 80200410        0     1                 
80200410 80200410        0     1                 
80200414 80200414        0     1                 
80200416 80200416        0     1                 
80200418 80200418        0     1                 
80200418 80200418        0     1                 
80200418 80200418        0     1                 
80200418 80200418        0     1                 
80200418 80200418        0     1                 
80200418 80200418       2e     1                 strcmp
8020041c 8020041c        0     1                 
8020041e 8020041e        0     1                 
80200420 80200420        0     1                 
80200420 80200420        0     1                 .LBB5_2
80200420 80200420        0     1                 
80200428 80200428        0     1                 
8020042c 8020042c        0     1                 
8020042c 8020042c        0     1                 
80200430 80200430        0     1                 
80200432 80200432        0     1                 
80200434 80200434        0     1                 
80200436 80200436        0     1                 .LBB5_4
80200436 80200436        0     1                 
8020043c 8020043c        0     1                 .LBB5_5
8020043c 8020043c        0     1                 
8020043c 8020043c        0     1                 
8020043e 8020043e        0     1                 .LBB5_6
8020043e 8020043e        0     1                 
8020043e 8020043e        0     1                 
80200442 80200442        0     1                 
80200442 80200442        0     1                 
80200444 80200444        0     1                 
80200446 80200446        0     1                 
80200446 80200446        0     1                 
80200448 80200448       dd     4 .rodata
80200448 80200448       dd     1         <internal>:(.rodata.str1.1)
80200528 80200528        4     4 .sdata
80200528 80200528        4     4         /tmp/kernel-92f835.o:(.sdata)
80200528 80200528        4     1                 alloc_pages.next_paddr
80200528 80200528        0     1                 $d.2
8020052c 8020052c        0     4 .bss
8020052c 8020052c        0     1         __bss = .
8020052c 8020052c        0     1         __bss_end = .
8020052c 8020052c        0     1 . = ALIGN ( 4 )
8020052c 8020052c    20000     1 . += 128 * 1024
8022052c 8022052c        0     1 __stack_top = .
8022052c 8022052c      ad4     1 . = ALIGN ( 4096 )
80221000 80221000        0     1 __free_ram = .
80221000 80221000  4000000     1 . += 64 * 1024 * 1024
84221000 84221000        0     1 __free_ram_end = .
       0        0      492     1 .debug_loc
       0        0      17c     1         /tmp/kernel-92f835.o:(.debug_loc)
       0        0        0     1                 
       0        0        0     1                 $d.4
      1b       1b        0     1                 
      36       36        0     1                 
      51       51        0     1                 
      6e       6e        0     1                 
      89       89        0     1                 
      a4       a4        0     1                 
      bf       bf        0     1                 
      da       da        0     1                 
      f5       f5        0     1                 
     110      110        0     1                 
     12b      12b        0     1                 
     146      146        0     1                 
     161      161        0     1                 
     17c      17c      316     1         /tmp/common-05848c.o:(.debug_loc)
     17c      17c        0     1                 
     17c      17c        0     1                 $d.2
     19a      19a        0     1                 
     217      217        0     1                 
     22a      22a        0     1                 
     28a      28a        0     1                 
     2a8      2a8        0     1                 
     2eb      2eb        0     1                 
     316      316        0     1                 
     329      329        0     1                 
     35d      35d        0     1                 
     372      372        0     1                 
     3a6      3a6        0     1                 
     3bb      3bb        0     1                 
     3d9      3d9        0     1                 
     402      402        0     1                 
     436      436        0     1                 
     449      449        0     1                 
     47f      47f        0     1                 
       0        0      2e4     1 .debug_abbrev
       0        0      1bc     1         /tmp/kernel-92f835.o:(.debug_abbrev)
       0        0        0     1                 $d.5
     1bc      1bc      128     1         /tmp/common-05848c.o:(.debug_abbrev)
     1bc      1bc        0     1                 $d.3
       0        0      a35     1 .debug_info
       0        0      6cb     1         /tmp/kernel-92f835.o:(.debug_info)
       0        0        0     1                 $d.6
     6cb      6cb      36a     1         /tmp/common-05848c.o:(.debug_info)
     6cb      6cb        0     1                 $d.4
       0        0       30     1 .debug_ranges
       0        0       18     1         /tmp/kernel-92f835.o:(.debug_ranges)
       0        0        0     1                 
       0        0        0     1                 $d.7
      18       18       18     1         /tmp/common-05848c.o:(.debug_ranges)
      18       18        0     1                 
      18       18        0     1                 $d.5
       0        0      26b     1 .debug_str
       0        0      26b     1         <internal>:(.debug_str)
       0        0       42     1 .comment
       0        0       42     1         <internal>:(.comment)
       0        0       2b     1 .riscv.attributes
       0        0       2b     1         <internal>:(.riscv.attributes)
       0        0      138     4 .debug_frame
       0        0       a4     4         /tmp/kernel-92f835.o:(.debug_frame)
       0        0        0     1                 
       0        0        0     1                 $d.11
      a4       a4       94     4         /tmp/common-05848c.o:(.debug_frame)
      a4       a4        0     1                 
      a4       a4        0     1                 $d.9
       0        0      5ca     1 .debug_line
       0        0      1aa     1         /tmp/kernel-92f835.o:(.debug_line)
       0        0        0     1                 .Lline_table_start0
       0        0        0     1                 $d.12
     1aa      1aa      420     1         /tmp/common-05848c.o:(.debug_line)
     1aa      1aa        0     1                 .Lline_table_start0
     1aa      1aa        0     1                 $d.10
       0        0     1f10     4 .symtab
       0        0     1f10     4         <internal>:(.symtab)
       0        0       a7     1 .shstrtab
       0        0       a7     1         <internal>:(.shstrtab)
       0        0      14f     1 .strtab
       0        0      14f     1         <internal>:(.strtab)
