     VMA      LMA     Size Align Out     In      Symbol
       0        0 80200000     1 . = 0x80200000
80200000 80200000       98     2 .text
80200000 80200000        e     2         /tmp/kernel-d0720c.o:(.text.boot)
80200000 80200000        0     1                 
80200000 80200000        0     1                 
80200000 80200000        0     1                 $x.1
80200000 80200000        0     1                 
80200000 80200000        e     1                 boot
8020000e 8020000e        0     1                 
8020000e 8020000e        0     1                 
8020000e 8020000e       8a     2         /tmp/kernel-d0720c.o:(.text)
8020000e 8020000e        0     1                 
8020000e 8020000e        0     1                 
8020000e 8020000e        0     1                 $x.0
8020000e 8020000e        0     1                 
8020000e 8020000e        6     1                 sbi_call
80200012 80200012        0     1                 
80200014 80200014        0     1                 
80200014 80200014        0     1                 
80200014 80200014        0     1                 
80200014 80200014       14     1                 putchar
80200026 80200026        0     1                 
80200028 80200028        0     1                 
80200028 80200028        0     1                 
80200028 80200028        0     1                 
80200028 80200028       16     1                 memset
8020002c 8020002c        0     1                 
8020002c 8020002c        0     1                 
8020002e 8020002e        0     1                 
8020002e 8020002e        0     1                 .LBB2_2
8020002e 8020002e        0     1                 
80200032 80200032        0     1                 
80200032 80200032        0     1                 
80200036 80200036        0     1                 
80200038 80200038        0     1                 
80200038 80200038        0     1                 
8020003c 8020003c        0     1                 .LBB2_3
8020003c 8020003c        0     1                 
8020003c 8020003c        0     1                 
8020003e 8020003e        0     1                 
8020003e 8020003e        0     1                 
8020003e 8020003e        0     1                 
8020003e 8020003e        0     1                 
8020003e 8020003e        0     1                 
8020003e 8020003e       5a     1                 kernel_main
80200046 80200046        0     1                 
80200052 80200052        0     1                 
80200054 80200054        0     1                 
80200054 80200054        0     1                 .LBB3_1
80200054 80200054        0     1                 
80200058 80200058        0     1                 
80200058 80200058        0     1                 
8020005e 8020005e        0     1                 
8020005e 8020005e        0     1                 
80200062 80200062        0     1                 .LBB3_2
80200062 80200062        0     1                 
80200062 80200062        0     1                 
8020007e 8020007e        0     1                 .LBB3_3
8020007e 8020007e        0     1                 
8020007e 8020007e        0     1                 
80200082 80200082        0     1                 
80200082 80200082        0     1                 
80200088 80200088        0     1                 
80200088 80200088        0     1                 
8020008c 8020008c        0     1                 
8020008e 8020008e        0     1                 
80200092 80200092        0     1                 
80200092 80200092        0     1                 .LBB3_4
80200092 80200092        0     1                 
80200096 80200096        0     1                 
80200098 80200098        0     1                 
80200098 80200098        0     1                 
80200098 80200098       10     4 .rodata
80200098 80200098       10     1         <internal>:(.rodata.str1.1)
802000a8 802000a8        0     4 .bss
802000a8 802000a8        0     1         __bss = .
802000a8 802000a8        0     1         __bss_end = .
802000a8 802000a8        0     1 . = ALIGN ( 4 )
802000a8 802000a8    20000     1 . += 128 * 1024
802200a8 802200a8        0     1 __stack_top = .
       0        0      168     1 .debug_loc
       0        0      168     1         /tmp/kernel-d0720c.o:(.debug_loc)
       0        0        0     1                 
       0        0        0     1                 $d.3
      1b       1b        0     1                 
      36       36        0     1                 
      51       51        0     1                 
      6e       6e        0     1                 
      aa       aa        0     1                 
      c7       c7        0     1                 
      f8       f8        0     1                 
     113      113        0     1                 
     130      130        0     1                 
     14b      14b        0     1                 
       0        0      15a     1 .debug_abbrev
       0        0      15a     1         /tmp/kernel-d0720c.o:(.debug_abbrev)
       0        0        0     1                 $d.4
       0        0      40e     1 .debug_info
       0        0      40e     1         /tmp/kernel-d0720c.o:(.debug_info)
       0        0        0     1                 $d.5
       0        0       18     1 .debug_ranges
       0        0       18     1         /tmp/kernel-d0720c.o:(.debug_ranges)
       0        0        0     1                 
       0        0        0     1                 $d.6
       0        0      13a     1 .debug_str
       0        0      13a     1         <internal>:(.debug_str)
       0        0       42     1 .comment
       0        0       42     1         <internal>:(.comment)
       0        0       2b     1 .riscv.attributes
       0        0       2b     1         <internal>:(.riscv.attributes)
       0        0       64     4 .debug_frame
       0        0       64     4         /tmp/kernel-d0720c.o:(.debug_frame)
       0        0        0     1                 
       0        0        0     1                 $d.10
       0        0      111     1 .debug_line
       0        0      111     1         /tmp/kernel-d0720c.o:(.debug_line)
       0        0        0     1                 .Lline_table_start0
       0        0        0     1                 $d.11
       0        0      850     4 .symtab
       0        0      850     4         <internal>:(.symtab)
       0        0       a0     1 .shstrtab
       0        0       a0     1         <internal>:(.shstrtab)
       0        0       8d     1 .strtab
       0        0       8d     1         <internal>:(.strtab)
