     VMA      LMA     Size Align Out     In      Symbol
       0        0 80200000     1 . = 0x80200000
80200000 80200000      2b0     2 .text
80200000 80200000        e     2         /tmp/kernel-530282.o:(.text.boot)
80200000 80200000        0     1                 
80200000 80200000        0     1                 
80200000 80200000        0     1                 $x.1
80200000 80200000        0     1                 
80200000 80200000        e     1                 boot
8020000e 8020000e        0     1                 
8020000e 8020000e        0     1                 
8020000e 8020000e       4c     2         /tmp/kernel-530282.o:(.text)
8020000e 8020000e        0     1                 
8020000e 8020000e        0     1                 
8020000e 8020000e        0     1                 $x.0
8020000e 8020000e        0     1                 
8020000e 8020000e        6     1                 sbi_call
80200012 80200012        0     1                 
80200014 80200014        0     1                 
80200014 80200014        0     1                 
80200014 80200014        0     1                 
80200014 80200014       14     1                 putchar
80200026 80200026        0     1                 
80200028 80200028        0     1                 
80200028 80200028        0     1                 
80200028 80200028        0     1                 
80200028 80200028       32     1                 kernel_main
8020002c 8020002c        0     1                 
80200042 80200042        0     1                 
80200042 80200042        0     1                 
80200058 80200058        0     1                 
80200058 80200058        0     1                 .LBB2_1
8020005a 8020005a        0     1                 
8020005a 8020005a        0     1                 
8020005a 8020005a      256     2         /tmp/common-41065b.o:(.text)
8020005a 8020005a        0     1                 
8020005a 8020005a        0     1                 
8020005a 8020005a        0     1                 $x.0
8020005a 8020005a        0     1                 
8020005a 8020005a      1a2     1                 printf
80200088 80200088        0     1                 
802000b0 802000b0        0     1                 .LBB0_1
802000b0 802000b0        0     1                 
802000b4 802000b4        0     1                 .LBB0_2
802000b4 802000b4        0     1                 
802000b6 802000b6        0     1                 .LBB0_3
802000b6 802000b6        0     1                 
802000ba 802000ba        0     1                 
802000c2 802000c2        0     1                 
802000c4 802000c4        0     1                 
802000c4 802000c4        0     1                 
802000c6 802000c6        0     1                 
802000c8 802000c8        0     1                 .LBB0_6
802000c8 802000c8        0     1                 
802000cc 802000cc        0     1                 
802000ce 802000ce        0     1                 
802000da 802000da        0     1                 
802000da 802000da        0     1                 
802000e4 802000e4        0     1                 
802000e4 802000e4        0     1                 
802000e8 802000e8        0     1                 
802000e8 802000e8        0     1                 
802000ea 802000ea        0     1                 
802000ee 802000ee        0     1                 
802000f0 802000f0        0     1                 
802000f0 802000f0        0     1                 
802000f6 802000f6        0     1                 
802000f6 802000f6        0     1                 
802000f8 802000f8        0     1                 
802000fc 802000fc        0     1                 
802000fe 802000fe        0     1                 
802000fe 802000fe        0     1                 
80200104 80200104        0     1                 
80200104 80200104        0     1                 
80200106 80200106        0     1                 
8020010a 8020010a        0     1                 
8020010c 8020010c        0     1                 
8020010c 8020010c        0     1                 
80200112 80200112        0     1                 
80200112 80200112        0     1                 
80200114 80200114        0     1                 
80200118 80200118        0     1                 
8020011a 8020011a        0     1                 
8020011a 8020011a        0     1                 
80200120 80200120        0     1                 
80200120 80200120        0     1                 
80200122 80200122        0     1                 
80200126 80200126        0     1                 
80200128 80200128        0     1                 
80200128 80200128        0     1                 
8020012e 8020012e        0     1                 
8020012e 8020012e        0     1                 
80200130 80200130        0     1                 
80200134 80200134        0     1                 
80200136 80200136        0     1                 
80200136 80200136        0     1                 
8020013c 8020013c        0     1                 
8020013c 8020013c        0     1                 
8020013e 8020013e        0     1                 
80200142 80200142        0     1                 
80200144 80200144        0     1                 
80200144 80200144        0     1                 
80200146 80200146        0     1                 
80200146 80200146        0     1                 
80200148 80200148        0     1                 
8020014c 8020014c        0     1                 
8020014c 8020014c        0     1                 
8020014e 8020014e        0     1                 
8020014e 8020014e        0     1                 
80200150 80200150        0     1                 
80200152 80200152        0     1                 .LBB0_10
80200152 80200152        0     1                 
80200152 80200152        0     1                 
8020015a 8020015a        0     1                 
8020015a 8020015a        0     1                 
80200166 80200166        0     1                 
80200166 80200166        0     1                 
8020016a 8020016a        0     1                 
8020016a 8020016a        0     1                 
8020016c 8020016c        0     1                 
80200172 80200172        0     1                 .LBB0_13
80200172 80200172        0     1                 
80200172 80200172        0     1                 
8020017c 8020017c        0     1                 
8020017c 8020017c        0     1                 
80200180 80200180        0     1                 
80200186 80200186        0     1                 
80200186 80200186        0     1                 .LBB0_15
80200186 80200186        0     1                 
8020018c 8020018c        0     1                 
8020018c 8020018c        0     1                 
80200190 80200190        0     1                 
80200192 80200192        0     1                 
80200196 80200196        0     1                 .LBB0_16
80200196 80200196        0     1                 
80200196 80200196        0     1                 
8020019c 8020019c        0     1                 
8020019c 8020019c        0     1                 
802001a0 802001a0        0     1                 
802001a0 802001a0        0     1                 
802001a2 802001a2        0     1                 
802001a6 802001a6        0     1                 .LBB0_17
802001a6 802001a6        0     1                 
802001a8 802001a8        0     1                 
802001a8 802001a8        0     1                 .LBB0_18
802001a8 802001a8        0     1                 
802001ac 802001ac        0     1                 
802001b0 802001b0        0     1                 
802001b4 802001b4        0     1                 .LBB0_19
802001b4 802001b4        0     1                 
802001b4 802001b4        0     1                 
802001b6 802001b6        0     1                 
802001b6 802001b6        0     1                 
802001ba 802001ba        0     1                 
802001be 802001be        0     1                 
802001c4 802001c4        0     1                 
802001c4 802001c4        0     1                 
802001d2 802001d2        0     1                 
802001d2 802001d2        0     1                 
802001d8 802001d8        0     1                 .LBB0_20
802001d8 802001d8        0     1                 
802001d8 802001d8        0     1                 
802001de 802001de        0     1                 .LBB0_21
802001de 802001de        0     1                 
802001de 802001de        0     1                 
802001e2 802001e2        0     1                 
802001f8 802001f8        0     1                 
802001fc 802001fc        0     1                 
802001fc 802001fc        0     1                 
802001fc 802001fc        0     1                 
802001fc 802001fc        0     1                 
802001fc 802001fc        0     1                 
802001fc 802001fc       1c     1                 memcpy
80200200 80200200        0     1                 
80200200 80200200        0     1                 
80200202 80200202        0     1                 
80200202 80200202        0     1                 .LBB1_2
80200202 80200202        0     1                 
80200206 80200206        0     1                 
80200208 80200208        0     1                 
8020020c 8020020c        0     1                 
8020020c 8020020c        0     1                 
80200210 80200210        0     1                 
80200212 80200212        0     1                 
80200212 80200212        0     1                 
80200216 80200216        0     1                 .LBB1_3
80200216 80200216        0     1                 
80200216 80200216        0     1                 
80200218 80200218        0     1                 
80200218 80200218        0     1                 
80200218 80200218        0     1                 
80200218 80200218        0     1                 
80200218 80200218        0     1                 
80200218 80200218       16     1                 memset
8020021c 8020021c        0     1                 
8020021c 8020021c        0     1                 
8020021e 8020021e        0     1                 
8020021e 8020021e        0     1                 .LBB2_2
8020021e 8020021e        0     1                 
80200222 80200222        0     1                 
80200222 80200222        0     1                 
80200226 80200226        0     1                 
80200228 80200228        0     1                 
80200228 80200228        0     1                 
8020022c 8020022c        0     1                 .LBB2_3
8020022c 8020022c        0     1                 
8020022c 8020022c        0     1                 
8020022e 8020022e        0     1                 
8020022e 8020022e        0     1                 
8020022e 8020022e        0     1                 
8020022e 8020022e        0     1                 
8020022e 8020022e        0     1                 
8020022e 8020022e       24     1                 strcpy
80200234 80200234        0     1                 
80200238 80200238        0     1                 
80200238 80200238        0     1                 
8020023a 8020023a        0     1                 
8020023a 8020023a        0     1                 .LBB3_2
8020023a 8020023a        0     1                 
8020023e 8020023e        0     1                 
80200242 80200242        0     1                 
80200246 80200246        0     1                 
80200246 80200246        0     1                 
80200248 80200248        0     1                 
80200248 80200248        0     1                 
8020024a 8020024a        0     1                 
8020024c 8020024c        0     1                 .LBB3_3
8020024c 8020024c        0     1                 
8020024c 8020024c        0     1                 
80200250 80200250        0     1                 
80200252 80200252        0     1                 
80200252 80200252        0     1                 
80200252 80200252        0     1                 
80200252 80200252        0     1                 
80200252 80200252        0     1                 
80200252 80200252       30     1                 strcpy_s
80200256 80200256        0     1                 
8020025a 8020025a        0     1                 
8020025e 8020025e        0     1                 
8020025e 8020025e        0     1                 .LBB4_2
8020025e 8020025e        0     1                 
80200262 80200262        0     1                 
80200264 80200264        0     1                 
80200266 80200266        0     1                 
8020026a 8020026a        0     1                 
8020026a 8020026a        0     1                 
8020026c 8020026c        0     1                 
80200272 80200272        0     1                 
80200278 80200278        0     1                 .LBB4_4
80200278 80200278        0     1                 
80200278 80200278        0     1                 
8020027a 8020027a        0     1                 .LBB4_5
8020027a 8020027a        0     1                 
8020027a 8020027a        0     1                 
8020027e 8020027e        0     1                 
80200280 80200280        0     1                 
80200282 80200282        0     1                 
80200282 80200282        0     1                 
80200282 80200282        0     1                 
80200282 80200282        0     1                 
80200282 80200282        0     1                 
80200282 80200282       2e     1                 strcmp
80200286 80200286        0     1                 
80200288 80200288        0     1                 
8020028a 8020028a        0     1                 
8020028a 8020028a        0     1                 .LBB5_2
8020028a 8020028a        0     1                 
80200292 80200292        0     1                 
80200296 80200296        0     1                 
80200296 80200296        0     1                 
8020029a 8020029a        0     1                 
8020029c 8020029c        0     1                 
8020029e 8020029e        0     1                 
802002a0 802002a0        0     1                 .LBB5_4
802002a0 802002a0        0     1                 
802002a6 802002a6        0     1                 .LBB5_5
802002a6 802002a6        0     1                 
802002a6 802002a6        0     1                 
802002a8 802002a8        0     1                 .LBB5_6
802002a8 802002a8        0     1                 
802002a8 802002a8        0     1                 
802002ac 802002ac        0     1                 
802002ac 802002ac        0     1                 
802002ae 802002ae        0     1                 
802002b0 802002b0        0     1                 
802002b0 802002b0        0     1                 
802002b0 802002b0       3b     4 .rodata
802002b0 802002b0       3b     1         <internal>:(.rodata.str1.1)
802002ec 802002ec        0     4 .bss
802002ec 802002ec        0     1         __bss = .
802002ec 802002ec        0     1         __bss_end = .
802002ec 802002ec        0     1 . = ALIGN ( 4 )
802002ec 802002ec    20000     1 . += 128 * 1024
802202ec 802202ec        0     1 __stack_top = .
       0        0      384     1 .debug_loc
       0        0       6e     1         /tmp/kernel-530282.o:(.debug_loc)
       0        0        0     1                 
       0        0        0     1                 $d.3
      1b       1b        0     1                 
      36       36        0     1                 
      51       51        0     1                 
      6e       6e      316     1         /tmp/common-41065b.o:(.debug_loc)
      6e       6e        0     1                 
      6e       6e        0     1                 $d.2
      8c       8c        0     1                 
     109      109        0     1                 
     11c      11c        0     1                 
     17c      17c        0     1                 
     19a      19a        0     1                 
     1dd      1dd        0     1                 
     208      208        0     1                 
     21b      21b        0     1                 
     24f      24f        0     1                 
     264      264        0     1                 
     298      298        0     1                 
     2ad      2ad        0     1                 
     2cb      2cb        0     1                 
     2f4      2f4        0     1                 
     328      328        0     1                 
     33b      33b        0     1                 
     371      371        0     1                 
       0        0      2b4     1 .debug_abbrev
       0        0      18c     1         /tmp/kernel-530282.o:(.debug_abbrev)
       0        0        0     1                 $d.4
     18c      18c      128     1         /tmp/common-41065b.o:(.debug_abbrev)
     18c      18c        0     1                 $d.3
       0        0      6b8     1 .debug_info
       0        0      34e     1         /tmp/kernel-530282.o:(.debug_info)
       0        0        0     1                 $d.5
     34e      34e      36a     1         /tmp/common-41065b.o:(.debug_info)
     34e      34e        0     1                 $d.4
       0        0       30     1 .debug_ranges
       0        0       18     1         /tmp/kernel-530282.o:(.debug_ranges)
       0        0        0     1                 
       0        0        0     1                 $d.6
      18       18       18     1         /tmp/common-41065b.o:(.debug_ranges)
      18       18        0     1                 
      18       18        0     1                 $d.5
       0        0      19e     1 .debug_str
       0        0      19e     1         <internal>:(.debug_str)
       0        0       42     1 .comment
       0        0       42     1         <internal>:(.comment)
       0        0       2b     1 .riscv.attributes
       0        0       2b     1         <internal>:(.riscv.attributes)
       0        0       f0     4 .debug_frame
       0        0       5c     4         /tmp/kernel-530282.o:(.debug_frame)
       0        0        0     1                 
       0        0        0     1                 $d.10
      5c       5c       94     4         /tmp/common-41065b.o:(.debug_frame)
      5c       5c        0     1                 
      5c       5c        0     1                 $d.9
       0        0      4bc     1 .debug_line
       0        0       9c     1         /tmp/kernel-530282.o:(.debug_line)
       0        0        0     1                 .Lline_table_start0
       0        0        0     1                 $d.11
      9c       9c      420     1         /tmp/common-41065b.o:(.debug_line)
      9c       9c        0     1                 .Lline_table_start0
      9c       9c        0     1                 $d.10
       0        0     1790     4 .symtab
       0        0     1790     4         <internal>:(.symtab)
       0        0       a0     1 .shstrtab
       0        0       a0     1         <internal>:(.shstrtab)
       0        0       f3     1 .strtab
       0        0       f3     1         <internal>:(.strtab)
