     VMA      LMA     Size Align Out     In      Symbol
       0        0 80200000     1 . = 0x80200000
80200000 80200000      826     4 .text
80200000 80200000        e     2         /tmp/kernel-6135bd.o:(.text.boot)
80200000 80200000        0     1                 
80200000 80200000        0     1                 
80200000 80200000        0     1                 $x.1
80200000 80200000        0     1                 
80200000 80200000        e     1                 boot
8020000e 8020000e        0     1                 
8020000e 8020000e        0     1                 
80200010 80200010      5c0     4         /tmp/kernel-6135bd.o:(.text)
80200010 80200010        0     1                 
80200010 80200010        0     1                 
80200010 80200010        0     1                 $x.0
80200010 80200010        0     1                 
80200010 80200010        6     1                 sbi_call
80200014 80200014        0     1                 
80200016 80200016        0     1                 
80200016 80200016        0     1                 
80200016 80200016        0     1                 
80200016 80200016       14     1                 putchar
80200028 80200028        0     1                 
8020002c 8020002c        0     1                 
8020002c 8020002c        0     1                 
8020002c 8020002c        0     1                 
8020002c 8020002c       96     1                 kernel_entry
802000c2 802000c2        0     1                 
802000c2 802000c2        0     1                 
802000c2 802000c2        0     1                 
802000c2 802000c2        0     1                 
802000c2 802000c2        0     1                 
802000c2 802000c2       4e     1                 alloc_pages
802000c8 802000c8        0     1                 
802000d0 802000d0        0     1                 
802000d0 802000d0        0     1                 
802000d4 802000d4        0     1                 
802000d8 802000d8        0     1                 
802000d8 802000d8        0     1                 
802000e0 802000e0        0     1                 
802000e4 802000e4        0     1                 
802000e8 802000e8        0     1                 
802000fe 802000fe        0     1                 
802000fe 802000fe        0     1                 .LBB3_2
80200100 80200100        0     1                 .LBB3_3
80200100 80200100        0     1                 
80200106 80200106        0     1                 
80200106 80200106        0     1                 
8020010c 8020010c        0     1                 
8020010c 8020010c        0     1                 
80200110 80200110        0     1                 
80200110 80200110        0     1                 
80200110 80200110        0     1                 
80200110 80200110        0     1                 
80200110 80200110        0     1                 
80200110 80200110       28     1                 handle_trap
80200114 80200114        0     1                 
80200114 80200114        0     1                 
80200118 80200118        0     1                 
80200118 80200118        0     1                 
8020011c 8020011c        0     1                 
8020011c 8020011c        0     1                 
80200120 80200120        0     1                 
80200120 80200120        0     1                 
80200124 80200124        0     1                 
80200136 80200136        0     1                 
80200136 80200136        0     1                 .LBB4_1
80200138 80200138        0     1                 
80200138 80200138        0     1                 
80200138 80200138        0     1                 
80200138 80200138        0     1                 
80200138 80200138        0     1                 
80200138 80200138       46     1                 context_switch
8020017e 8020017e        0     1                 
8020017e 8020017e        0     1                 
8020017e 8020017e        0     1                 
8020017e 8020017e       f0     1                 create_process
80200188 80200188        0     1                 
80200188 80200188        0     1                 
8020018a 8020018a        0     1                 
8020018a 8020018a        0     1                 
80200190 80200190        0     1                 
80200192 80200192        0     1                 
80200192 80200192        0     1                 
802001a0 802001a0        0     1                 
802001a2 802001a2        0     1                 
802001a2 802001a2        0     1                 
802001a8 802001a8        0     1                 
802001aa 802001aa        0     1                 
802001aa 802001aa        0     1                 
802001b8 802001b8        0     1                 
802001ba 802001ba        0     1                 
802001ba 802001ba        0     1                 
802001c0 802001c0        0     1                 
802001c2 802001c2        0     1                 
802001c2 802001c2        0     1                 
802001d0 802001d0        0     1                 
802001d2 802001d2        0     1                 
802001d2 802001d2        0     1                 
802001d8 802001d8        0     1                 
802001dc 802001dc        0     1                 
802001de 802001de        0     1                 
802001de 802001de        0     1                 
802001e2 802001e2        0     1                 
802001f4 802001f4        0     1                 
802001f4 802001f4        0     1                 
802001f8 802001f8        0     1                 .LBB6_9
802001f8 802001f8        0     1                 
802001fa 802001fa        0     1                 .LBB6_10
802001fa 802001fa        0     1                 
802001fa 802001fa        0     1                 
802001fe 802001fe        0     1                 .LBB6_11
802001fe 802001fe        0     1                 
80200202 80200202        0     1                 .LBB6_12
80200202 80200202        0     1                 
80200206 80200206        0     1                 .LBB6_13
80200206 80200206        0     1                 
8020020a 8020020a        0     1                 .LBB6_14
8020020a 8020020a        0     1                 
8020020e 8020020e        0     1                 .LBB6_15
8020020e 8020020e        0     1                 
80200212 80200212        0     1                 .LBB6_16
80200212 80200212        0     1                 
80200214 80200214        0     1                 .LBB6_17
80200214 80200214        0     1                 
80200214 80200214        0     1                 
8020021a 8020021a        0     1                 
80200220 80200220        0     1                 
80200220 80200220        0     1                 
80200224 80200224        0     1                 
80200228 80200228        0     1                 
8020022c 8020022c        0     1                 
80200230 80200230        0     1                 
80200234 80200234        0     1                 
80200238 80200238        0     1                 
8020023c 8020023c        0     1                 
80200240 80200240        0     1                 
80200244 80200244        0     1                 
80200248 80200248        0     1                 
8020024c 8020024c        0     1                 
80200250 80200250        0     1                 
80200254 80200254        0     1                 
8020025c 8020025c        0     1                 
8020025e 8020025e        0     1                 
8020025e 8020025e        0     1                 
80200260 80200260        0     1                 
80200262 80200262        0     1                 
80200266 80200266        0     1                 
80200266 80200266        0     1                 
80200268 80200268        0     1                 
8020026a 8020026a        0     1                 
8020026e 8020026e        0     1                 
8020026e 8020026e        0     1                 
8020026e 8020026e        0     1                 
8020026e 8020026e        0     1                 
8020026e 8020026e        0     1                 
8020026e 8020026e       10     1                 delay
80200276 80200276        0     1                 .LBB7_1
80200276 80200276        0     1                 
80200276 80200276        0     1                 
80200278 80200278        0     1                 
80200278 80200278        0     1                 
8020027a 8020027a        0     1                 
8020027a 8020027a        0     1                 
8020027c 8020027c        0     1                 
8020027c 8020027c        0     1                 
8020027e 8020027e        0     1                 
8020027e 8020027e        0     1                 
8020027e 8020027e        0     1                 
8020027e 8020027e        0     1                 
8020027e 8020027e        0     1                 
8020027e 8020027e      1cc     1                 yield
8020028a 8020028a        0     1                 
8020028e 8020028e        0     1                 
8020028e 8020028e        0     1                 
802002a0 802002a0        0     1                 
802002b0 802002b0        0     1                 
802002b0 802002b0        0     1                 
802002b4 802002b4        0     1                 
802002b4 802002b4        0     1                 
802002b6 802002b6        0     1                 
802002b6 802002b6        0     1                 
802002ba 802002ba        0     1                 
802002ba 802002ba        0     1                 
802002bc 802002bc        0     1                 
802002c0 802002c0        0     1                 .LBB8_2
802002c0 802002c0        0     1                 
802002c0 802002c0        0     1                 
802002c4 802002c4        0     1                 
802002d2 802002d2        0     1                 
802002da 802002da        0     1                 
802002de 802002de        0     1                 
802002e2 802002e2        0     1                 
802002f0 802002f0        0     1                 
802002f0 802002f0        0     1                 
802002f2 802002f2        0     1                 
802002f6 802002f6        0     1                 .LBB8_4
802002f6 802002f6        0     1                 
802002f6 802002f6        0     1                 
802002fa 802002fa        0     1                 
8020030a 8020030a        0     1                 
8020031c 8020031c        0     1                 
80200320 80200320        0     1                 
80200320 80200320        0     1                 
80200322 80200322        0     1                 
80200326 80200326        0     1                 .LBB8_6
80200326 80200326        0     1                 
80200326 80200326        0     1                 
8020032a 8020032a        0     1                 
80200338 80200338        0     1                 
80200340 80200340        0     1                 
80200344 80200344        0     1                 
80200348 80200348        0     1                 
80200356 80200356        0     1                 
80200356 80200356        0     1                 
80200358 80200358        0     1                 
8020035c 8020035c        0     1                 .LBB8_8
8020035c 8020035c        0     1                 
8020035c 8020035c        0     1                 
80200360 80200360        0     1                 
80200370 80200370        0     1                 
80200382 80200382        0     1                 
80200386 80200386        0     1                 
80200386 80200386        0     1                 
80200388 80200388        0     1                 
8020038c 8020038c        0     1                 .LBB8_10
8020038c 8020038c        0     1                 
8020038c 8020038c        0     1                 
80200390 80200390        0     1                 
8020039e 8020039e        0     1                 
802003a6 802003a6        0     1                 
802003aa 802003aa        0     1                 
802003ae 802003ae        0     1                 
802003bc 802003bc        0     1                 
802003bc 802003bc        0     1                 
802003be 802003be        0     1                 
802003c2 802003c2        0     1                 .LBB8_12
802003c2 802003c2        0     1                 
802003c2 802003c2        0     1                 
802003c6 802003c6        0     1                 
802003d6 802003d6        0     1                 
802003e8 802003e8        0     1                 
802003ec 802003ec        0     1                 
802003ec 802003ec        0     1                 
802003ee 802003ee        0     1                 
802003f2 802003f2        0     1                 .LBB8_14
802003f2 802003f2        0     1                 
802003f2 802003f2        0     1                 
802003f4 802003f4        0     1                 
80200400 80200400        0     1                 
80200408 80200408        0     1                 
8020040c 8020040c        0     1                 
80200410 80200410        0     1                 
8020041e 8020041e        0     1                 
8020041e 8020041e        0     1                 
80200420 80200420        0     1                 
80200424 80200424        0     1                 .LBB8_16
80200424 80200424        0     1                 
80200424 80200424        0     1                 
80200426 80200426        0     1                 .LBB8_17
80200426 80200426        0     1                 
80200426 80200426        0     1                 
8020042a 8020042a        0     1                 
8020042e 8020042e        0     1                 
80200430 80200430        0     1                 
80200434 80200434        0     1                 
8020043c 8020043c        0     1                 
8020043c 8020043c        0     1                 
8020043e 8020043e        0     1                 
8020043e 8020043e        0     1                 
80200442 80200442        0     1                 
80200446 80200446        0     1                 
80200448 80200448        0     1                 .LBB8_19
80200448 80200448        0     1                 
80200448 80200448        0     1                 
8020044a 8020044a        0     1                 
8020044a 8020044a        0     1                 
8020044a 8020044a        0     1                 
8020044a 8020044a        0     1                 
8020044a 8020044a        0     1                 
8020044a 8020044a       3a     1                 proc_a_entry
80200450 80200450        0     1                 
8020045a 8020045a        0     1                 
8020045a 8020045a        0     1                 
80200462 80200462        0     1                 .LBB9_1
80200462 80200462        0     1                 
80200462 80200462        0     1                 
80200478 80200478        0     1                 
80200478 80200478        0     1                 
8020047a 8020047a        0     1                 
8020047a 8020047a        0     1                 
8020047c 8020047c        0     1                 
8020047c 8020047c        0     1                 .LBB9_2
8020047c 8020047c        0     1                 
8020047e 8020047e        0     1                 
8020047e 8020047e        0     1                 
80200480 80200480        0     1                 
80200480 80200480        0     1                 
80200484 80200484        0     1                 
80200484 80200484        0     1                 
80200484 80200484        0     1                 
80200484 80200484        0     1                 
80200484 80200484        0     1                 
80200484 80200484        0     1                 
80200484 80200484       3a     1                 proc_b_entry
8020048a 8020048a        0     1                 
80200494 80200494        0     1                 
80200494 80200494        0     1                 
8020049c 8020049c        0     1                 .LBB10_1
8020049c 8020049c        0     1                 
8020049c 8020049c        0     1                 
802004b2 802004b2        0     1                 
802004b2 802004b2        0     1                 
802004b4 802004b4        0     1                 
802004b4 802004b4        0     1                 
802004b6 802004b6        0     1                 
802004b6 802004b6        0     1                 .LBB10_2
802004b6 802004b6        0     1                 
802004b8 802004b8        0     1                 
802004b8 802004b8        0     1                 
802004ba 802004ba        0     1                 
802004ba 802004ba        0     1                 
802004be 802004be        0     1                 
802004be 802004be        0     1                 
802004be 802004be        0     1                 
802004be 802004be        0     1                 
802004be 802004be        0     1                 
802004be 802004be        0     1                 
802004be 802004be      112     1                 kernel_main
802004ca 802004ca        0     1                 
802004e0 802004e0        0     1                 
802004e0 802004e0        0     1                 
802004e8 802004e8        0     1                 
802004ec 802004ec        0     1                 
802004ec 802004ec        0     1                 
802004f4 802004f4        0     1                 
802004f4 802004f4        0     1                 
802004f6 802004f6        0     1                 
802004f6 802004f6        0     1                 
802004f8 802004f8        0     1                 
80200500 80200500        0     1                 
80200504 80200504        0     1                 
80200508 80200508        0     1                 
8020051e 8020051e        0     1                 
8020051e 8020051e        0     1                 .LBB11_2
80200520 80200520        0     1                 .LBB11_3
80200520 80200520        0     1                 
80200528 80200528        0     1                 
80200528 80200528        0     1                 
8020052c 8020052c        0     1                 
8020052c 8020052c        0     1                 
8020052e 8020052e        0     1                 
80200534 80200534        0     1                 
80200538 80200538        0     1                 
80200538 80200538        0     1                 
8020054e 8020054e        0     1                 
8020054e 8020054e        0     1                 .LBB11_5
80200550 80200550        0     1                 .LBB11_6
80200550 80200550        0     1                 
80200558 80200558        0     1                 
80200558 80200558        0     1                 
80200564 80200564        0     1                 
80200564 80200564        0     1                 
80200570 80200570        0     1                 
80200570 80200570        0     1                 
8020057a 8020057a        0     1                 
8020057a 8020057a        0     1                 
8020057e 8020057e        0     1                 
8020057e 8020057e        0     1                 
80200588 80200588        0     1                 
8020058a 8020058a        0     1                 
80200592 80200592        0     1                 
8020059c 8020059c        0     1                 
8020059c 8020059c        0     1                 
802005a4 802005a4        0     1                 
802005ae 802005ae        0     1                 
802005ae 802005ae        0     1                 
802005b6 802005b6        0     1                 
802005b8 802005b8        0     1                 
802005b8 802005b8        0     1                 
802005ce 802005ce        0     1                 
802005ce 802005ce        0     1                 .LBB11_7
802005d0 802005d0        0     1                 
802005d0 802005d0        0     1                 
802005d0 802005d0      256     2         /tmp/common-2d744b.o:(.text)
802005d0 802005d0        0     1                 
802005d0 802005d0        0     1                 
802005d0 802005d0        0     1                 $x.0
802005d0 802005d0        0     1                 
802005d0 802005d0      1a2     1                 printf
802005fe 802005fe        0     1                 
80200626 80200626        0     1                 .LBB0_1
80200626 80200626        0     1                 
8020062a 8020062a        0     1                 .LBB0_2
8020062a 8020062a        0     1                 
8020062c 8020062c        0     1                 .LBB0_3
8020062c 8020062c        0     1                 
80200630 80200630        0     1                 
80200638 80200638        0     1                 
8020063a 8020063a        0     1                 
8020063a 8020063a        0     1                 
8020063c 8020063c        0     1                 
8020063e 8020063e        0     1                 .LBB0_6
8020063e 8020063e        0     1                 
80200642 80200642        0     1                 
80200644 80200644        0     1                 
80200650 80200650        0     1                 
80200650 80200650        0     1                 
8020065a 8020065a        0     1                 
8020065a 8020065a        0     1                 
8020065e 8020065e        0     1                 
8020065e 8020065e        0     1                 
80200660 80200660        0     1                 
80200664 80200664        0     1                 
80200666 80200666        0     1                 
80200666 80200666        0     1                 
8020066c 8020066c        0     1                 
8020066c 8020066c        0     1                 
8020066e 8020066e        0     1                 
80200672 80200672        0     1                 
80200674 80200674        0     1                 
80200674 80200674        0     1                 
8020067a 8020067a        0     1                 
8020067a 8020067a        0     1                 
8020067c 8020067c        0     1                 
80200680 80200680        0     1                 
80200682 80200682        0     1                 
80200682 80200682        0     1                 
80200688 80200688        0     1                 
80200688 80200688        0     1                 
8020068a 8020068a        0     1                 
8020068e 8020068e        0     1                 
80200690 80200690        0     1                 
80200690 80200690        0     1                 
80200696 80200696        0     1                 
80200696 80200696        0     1                 
80200698 80200698        0     1                 
8020069c 8020069c        0     1                 
8020069e 8020069e        0     1                 
8020069e 8020069e        0     1                 
802006a4 802006a4        0     1                 
802006a4 802006a4        0     1                 
802006a6 802006a6        0     1                 
802006aa 802006aa        0     1                 
802006ac 802006ac        0     1                 
802006ac 802006ac        0     1                 
802006b2 802006b2        0     1                 
802006b2 802006b2        0     1                 
802006b4 802006b4        0     1                 
802006b8 802006b8        0     1                 
802006ba 802006ba        0     1                 
802006ba 802006ba        0     1                 
802006bc 802006bc        0     1                 
802006bc 802006bc        0     1                 
802006be 802006be        0     1                 
802006c2 802006c2        0     1                 
802006c2 802006c2        0     1                 
802006c4 802006c4        0     1                 
802006c4 802006c4        0     1                 
802006c6 802006c6        0     1                 
802006c8 802006c8        0     1                 .LBB0_10
802006c8 802006c8        0     1                 
802006c8 802006c8        0     1                 
802006d0 802006d0        0     1                 
802006d0 802006d0        0     1                 
802006dc 802006dc        0     1                 
802006dc 802006dc        0     1                 
802006e0 802006e0        0     1                 
802006e0 802006e0        0     1                 
802006e2 802006e2        0     1                 
802006e8 802006e8        0     1                 .LBB0_13
802006e8 802006e8        0     1                 
802006e8 802006e8        0     1                 
802006f2 802006f2        0     1                 
802006f2 802006f2        0     1                 
802006f6 802006f6        0     1                 
802006fc 802006fc        0     1                 
802006fc 802006fc        0     1                 .LBB0_15
802006fc 802006fc        0     1                 
80200702 80200702        0     1                 
80200702 80200702        0     1                 
80200706 80200706        0     1                 
80200708 80200708        0     1                 
8020070c 8020070c        0     1                 .LBB0_16
8020070c 8020070c        0     1                 
8020070c 8020070c        0     1                 
80200712 80200712        0     1                 
80200712 80200712        0     1                 
80200716 80200716        0     1                 
80200716 80200716        0     1                 
80200718 80200718        0     1                 
8020071c 8020071c        0     1                 .LBB0_17
8020071c 8020071c        0     1                 
8020071e 8020071e        0     1                 
8020071e 8020071e        0     1                 .LBB0_18
8020071e 8020071e        0     1                 
80200722 80200722        0     1                 
80200726 80200726        0     1                 
8020072a 8020072a        0     1                 .LBB0_19
8020072a 8020072a        0     1                 
8020072a 8020072a        0     1                 
8020072c 8020072c        0     1                 
8020072c 8020072c        0     1                 
80200730 80200730        0     1                 
80200734 80200734        0     1                 
8020073a 8020073a        0     1                 
8020073a 8020073a        0     1                 
80200748 80200748        0     1                 
80200748 80200748        0     1                 
8020074e 8020074e        0     1                 .LBB0_20
8020074e 8020074e        0     1                 
8020074e 8020074e        0     1                 
80200754 80200754        0     1                 .LBB0_21
80200754 80200754        0     1                 
80200754 80200754        0     1                 
80200758 80200758        0     1                 
8020076e 8020076e        0     1                 
80200772 80200772        0     1                 
80200772 80200772        0     1                 
80200772 80200772        0     1                 
80200772 80200772        0     1                 
80200772 80200772        0     1                 
80200772 80200772       1c     1                 memcpy
80200776 80200776        0     1                 
80200776 80200776        0     1                 
80200778 80200778        0     1                 
80200778 80200778        0     1                 .LBB1_2
80200778 80200778        0     1                 
8020077c 8020077c        0     1                 
8020077e 8020077e        0     1                 
80200782 80200782        0     1                 
80200782 80200782        0     1                 
80200786 80200786        0     1                 
80200788 80200788        0     1                 
80200788 80200788        0     1                 
8020078c 8020078c        0     1                 .LBB1_3
8020078c 8020078c        0     1                 
8020078c 8020078c        0     1                 
8020078e 8020078e        0     1                 
8020078e 8020078e        0     1                 
8020078e 8020078e        0     1                 
8020078e 8020078e        0     1                 
8020078e 8020078e        0     1                 
8020078e 8020078e       16     1                 memset
80200792 80200792        0     1                 
80200792 80200792        0     1                 
80200794 80200794        0     1                 
80200794 80200794        0     1                 .LBB2_2
80200794 80200794        0     1                 
80200798 80200798        0     1                 
80200798 80200798        0     1                 
8020079c 8020079c        0     1                 
8020079e 8020079e        0     1                 
8020079e 8020079e        0     1                 
802007a2 802007a2        0     1                 .LBB2_3
802007a2 802007a2        0     1                 
802007a2 802007a2        0     1                 
802007a4 802007a4        0     1                 
802007a4 802007a4        0     1                 
802007a4 802007a4        0     1                 
802007a4 802007a4        0     1                 
802007a4 802007a4        0     1                 
802007a4 802007a4       24     1                 strcpy
802007aa 802007aa        0     1                 
802007ae 802007ae        0     1                 
802007ae 802007ae        0     1                 
802007b0 802007b0        0     1                 
802007b0 802007b0        0     1                 .LBB3_2
802007b0 802007b0        0     1                 
802007b4 802007b4        0     1                 
802007b8 802007b8        0     1                 
802007bc 802007bc        0     1                 
802007bc 802007bc        0     1                 
802007be 802007be        0     1                 
802007be 802007be        0     1                 
802007c0 802007c0        0     1                 
802007c2 802007c2        0     1                 .LBB3_3
802007c2 802007c2        0     1                 
802007c2 802007c2        0     1                 
802007c6 802007c6        0     1                 
802007c8 802007c8        0     1                 
802007c8 802007c8        0     1                 
802007c8 802007c8        0     1                 
802007c8 802007c8        0     1                 
802007c8 802007c8        0     1                 
802007c8 802007c8       30     1                 strcpy_s
802007cc 802007cc        0     1                 
802007d0 802007d0        0     1                 
802007d4 802007d4        0     1                 
802007d4 802007d4        0     1                 .LBB4_2
802007d4 802007d4        0     1                 
802007d8 802007d8        0     1                 
802007da 802007da        0     1                 
802007dc 802007dc        0     1                 
802007e0 802007e0        0     1                 
802007e0 802007e0        0     1                 
802007e2 802007e2        0     1                 
802007e8 802007e8        0     1                 
802007ee 802007ee        0     1                 .LBB4_4
802007ee 802007ee        0     1                 
802007ee 802007ee        0     1                 
802007f0 802007f0        0     1                 .LBB4_5
802007f0 802007f0        0     1                 
802007f0 802007f0        0     1                 
802007f4 802007f4        0     1                 
802007f6 802007f6        0     1                 
802007f8 802007f8        0     1                 
802007f8 802007f8        0     1                 
802007f8 802007f8        0     1                 
802007f8 802007f8        0     1                 
802007f8 802007f8        0     1                 
802007f8 802007f8       2e     1                 strcmp
802007fc 802007fc        0     1                 
802007fe 802007fe        0     1                 
80200800 80200800        0     1                 
80200800 80200800        0     1                 .LBB5_2
80200800 80200800        0     1                 
80200808 80200808        0     1                 
8020080c 8020080c        0     1                 
8020080c 8020080c        0     1                 
80200810 80200810        0     1                 
80200812 80200812        0     1                 
80200814 80200814        0     1                 
80200816 80200816        0     1                 .LBB5_4
80200816 80200816        0     1                 
8020081c 8020081c        0     1                 .LBB5_5
8020081c 8020081c        0     1                 
8020081c 8020081c        0     1                 
8020081e 8020081e        0     1                 .LBB5_6
8020081e 8020081e        0     1                 
8020081e 8020081e        0     1                 
80200822 80200822        0     1                 
80200822 80200822        0     1                 
80200824 80200824        0     1                 
80200826 80200826        0     1                 
80200826 80200826        0     1                 
80200828 80200828      17d     4 .rodata
80200828 80200828      17d     1         <internal>:(.rodata.str1.1)
802009a8 802009a8        4     4 .sdata
802009a8 802009a8        4     4         /tmp/kernel-6135bd.o:(.sdata)
802009a8 802009a8        4     1                 alloc_pages.next_paddr
802009a8 802009a8        0     1                 $d.2
802009ac 802009ac    10070     4 .bss
802009ac 802009ac        0     1         __bss = .
802009ac 802009ac    10060     4         /tmp/kernel-6135bd.o:(.bss)
802009ac 802009ac        0     1                 $d.4
802009ac 802009ac    10060     1                 procs
80210a0c 80210a0c       10     4         /tmp/kernel-6135bd.o:(.sbss)
80210a0c 80210a0c        0     1                 $d.5
80210a0c 80210a0c        4     1                 idle_proc
80210a10 80210a10        4     1                 current_proc
80210a14 80210a14        4     1                 proc_a
80210a18 80210a18        4     1                 proc_b
80210a1c 80210a1c        0     1         __bss_end = .
80210a1c 80210a1c        0     1 . = ALIGN ( 4 )
80210a1c 80210a1c    20000     1 . += 128 * 1024
80230a1c 80230a1c        0     1 __stack_top = .
80230a1c 80230a1c      5e4     1 . = ALIGN ( 4096 )
80231000 80231000        0     1 __free_ram = .
80231000 80231000  4000000     1 . += 64 * 1024 * 1024
84231000 84231000        0     1 __free_ram_end = .
       0        0      865     1 .debug_loc
       0        0      54f     1         /tmp/kernel-6135bd.o:(.debug_loc)
       0        0        0     1                 
       0        0        0     1                 $d.6
      1b       1b        0     1                 
      36       36        0     1                 
      51       51        0     1                 
      6e       6e        0     1                 
      89       89        0     1                 
      a4       a4        0     1                 
      bf       bf        0     1                 
      da       da        0     1                 
      f5       f5        0     1                 
     110      110        0     1                 
     136      136        0     1                 
     216      216        0     1                 
     23d      23d        0     1                 
     267      267        0     1                 
     2a6      2a6        0     1                 
     30e      30e        0     1                 
     393      393        0     1                 
     3b9      3b9        0     1                 
     3d4      3d4        0     1                 
     3f2      3f2        0     1                 
     40f      40f        0     1                 
     44e      44e        0     1                 
     46c      46c        0     1                 
     489      489        0     1                 
     4c8      4c8        0     1                 
     4e3      4e3        0     1                 
     4fe      4fe        0     1                 
     519      519        0     1                 
     534      534        0     1                 
     54f      54f      316     1         /tmp/common-2d744b.o:(.debug_loc)
     54f      54f        0     1                 
     54f      54f        0     1                 $d.2
     56d      56d        0     1                 
     5ea      5ea        0     1                 
     5fd      5fd        0     1                 
     65d      65d        0     1                 
     67b      67b        0     1                 
     6be      6be        0     1                 
     6e9      6e9        0     1                 
     6fc      6fc        0     1                 
     730      730        0     1                 
     745      745        0     1                 
     779      779        0     1                 
     78e      78e        0     1                 
     7ac      7ac        0     1                 
     7d5      7d5        0     1                 
     809      809        0     1                 
     81c      81c        0     1                 
     852      852        0     1                 
       0        0      3a2     1 .debug_abbrev
       0        0      27a     1         /tmp/kernel-6135bd.o:(.debug_abbrev)
       0        0        0     1                 $d.7
     27a      27a      128     1         /tmp/common-2d744b.o:(.debug_abbrev)
     27a      27a        0     1                 $d.3
       0        0      e2d     1 .debug_info
       0        0      ac3     1         /tmp/kernel-6135bd.o:(.debug_info)
       0        0        0     1                 $d.8
     ac3      ac3      36a     1         /tmp/common-2d744b.o:(.debug_info)
     ac3      ac3        0     1                 $d.4
       0        0       60     1 .debug_ranges
       0        0       48     1         /tmp/kernel-6135bd.o:(.debug_ranges)
       0        0        0     1                 
       0        0        0     1                 $d.9
      18       18        0     1                 
      30       30        0     1                 
      48       48       18     1         /tmp/common-2d744b.o:(.debug_ranges)
      48       48        0     1                 
      48       48        0     1                 $d.5
       0        0      303     1 .debug_str
       0        0      303     1         <internal>:(.debug_str)
       0        0       42     1 .comment
       0        0       42     1         <internal>:(.comment)
       0        0       2b     1 .riscv.attributes
       0        0       2b     1         <internal>:(.riscv.attributes)
       0        0      1b0     4 .debug_frame
       0        0      11c     4         /tmp/kernel-6135bd.o:(.debug_frame)
       0        0        0     1                 
       0        0        0     1                 $d.13
     11c      11c       94     4         /tmp/common-2d744b.o:(.debug_frame)
     11c      11c        0     1                 
     11c      11c        0     1                 $d.9
       0        0      a9a     1 .debug_line
       0        0      67a     1         /tmp/kernel-6135bd.o:(.debug_line)
       0        0        0     1                 .Lline_table_start0
       0        0        0     1                 $d.14
     67a      67a      420     1         /tmp/common-2d744b.o:(.debug_line)
     67a      67a        0     1                 .Lline_table_start0
     67a      67a        0     1                 $d.10
       0        0     31d0     4 .symtab
       0        0     31d0     4         <internal>:(.symtab)
       0        0       a7     1 .shstrtab
       0        0       a7     1         <internal>:(.shstrtab)
       0        0      1ca     1 .strtab
       0        0      1ca     1         <internal>:(.strtab)
