     VMA      LMA     Size Align Out     In      Symbol
       0        0 80200000     1 . = 0x80200000
80200000 80200000      692     4 .text
80200000 80200000        e     2         /tmp/kernel-cb4d16.o:(.text.boot)
80200000 80200000        0     1                 
80200000 80200000        0     1                 
80200000 80200000        0     1                 $x.1
80200000 80200000        0     1                 
80200000 80200000        e     1                 boot
8020000e 8020000e        0     1                 
8020000e 8020000e        0     1                 
80200010 80200010      42c     4         /tmp/kernel-cb4d16.o:(.text)
80200010 80200010        0     1                 
80200010 80200010        0     1                 
80200010 80200010        0     1                 $x.0
80200010 80200010        0     1                 
80200010 80200010        6     1                 sbi_call
80200014 80200014        0     1                 
80200016 80200016        0     1                 
80200016 80200016        0     1                 
80200016 80200016        0     1                 
80200016 80200016       14     1                 putchar
80200028 80200028        0     1                 
8020002c 8020002c        0     1                 
8020002c 8020002c        0     1                 
8020002c 8020002c        0     1                 
8020002c 8020002c       90     1                 kernel_entry
802000bc 802000bc        0     1                 
802000bc 802000bc        0     1                 
802000bc 802000bc        0     1                 
802000bc 802000bc        0     1                 
802000bc 802000bc        0     1                 
802000bc 802000bc       4e     1                 alloc_pages
802000c2 802000c2        0     1                 
802000ca 802000ca        0     1                 
802000ca 802000ca        0     1                 
802000ce 802000ce        0     1                 
802000d2 802000d2        0     1                 
802000d2 802000d2        0     1                 
802000da 802000da        0     1                 
802000de 802000de        0     1                 
802000e2 802000e2        0     1                 
802000f8 802000f8        0     1                 
802000f8 802000f8        0     1                 .LBB3_2
802000fa 802000fa        0     1                 .LBB3_3
802000fa 802000fa        0     1                 
80200100 80200100        0     1                 
80200100 80200100        0     1                 
80200106 80200106        0     1                 
80200106 80200106        0     1                 
8020010a 8020010a        0     1                 
8020010a 8020010a        0     1                 
8020010a 8020010a        0     1                 
8020010a 8020010a        0     1                 
8020010a 8020010a        0     1                 
8020010a 8020010a       28     1                 handle_trap
8020010e 8020010e        0     1                 
8020010e 8020010e        0     1                 
80200112 80200112        0     1                 
80200112 80200112        0     1                 
80200116 80200116        0     1                 
80200116 80200116        0     1                 
8020011a 8020011a        0     1                 
8020011a 8020011a        0     1                 
8020011e 8020011e        0     1                 
80200130 80200130        0     1                 
80200130 80200130        0     1                 .LBB4_1
80200132 80200132        0     1                 
80200132 80200132        0     1                 
80200132 80200132        0     1                 
80200132 80200132        0     1                 
80200132 80200132        0     1                 
80200132 80200132       46     1                 context_switch
80200178 80200178        0     1                 
80200178 80200178        0     1                 
80200178 80200178        0     1                 
80200178 80200178       f0     1                 create_process
80200182 80200182        0     1                 
80200182 80200182        0     1                 
80200184 80200184        0     1                 
80200184 80200184        0     1                 
8020018a 8020018a        0     1                 
8020018c 8020018c        0     1                 
8020018c 8020018c        0     1                 
8020019a 8020019a        0     1                 
8020019c 8020019c        0     1                 
8020019c 8020019c        0     1                 
802001a2 802001a2        0     1                 
802001a4 802001a4        0     1                 
802001a4 802001a4        0     1                 
802001b2 802001b2        0     1                 
802001b4 802001b4        0     1                 
802001b4 802001b4        0     1                 
802001ba 802001ba        0     1                 
802001bc 802001bc        0     1                 
802001bc 802001bc        0     1                 
802001ca 802001ca        0     1                 
802001cc 802001cc        0     1                 
802001cc 802001cc        0     1                 
802001d2 802001d2        0     1                 
802001d6 802001d6        0     1                 
802001d8 802001d8        0     1                 
802001d8 802001d8        0     1                 
802001dc 802001dc        0     1                 
802001ee 802001ee        0     1                 
802001ee 802001ee        0     1                 
802001f2 802001f2        0     1                 .LBB6_9
802001f2 802001f2        0     1                 
802001f4 802001f4        0     1                 .LBB6_10
802001f4 802001f4        0     1                 
802001f4 802001f4        0     1                 
802001f8 802001f8        0     1                 .LBB6_11
802001f8 802001f8        0     1                 
802001fc 802001fc        0     1                 .LBB6_12
802001fc 802001fc        0     1                 
80200200 80200200        0     1                 .LBB6_13
80200200 80200200        0     1                 
80200204 80200204        0     1                 .LBB6_14
80200204 80200204        0     1                 
80200208 80200208        0     1                 .LBB6_15
80200208 80200208        0     1                 
8020020c 8020020c        0     1                 .LBB6_16
8020020c 8020020c        0     1                 
8020020e 8020020e        0     1                 .LBB6_17
8020020e 8020020e        0     1                 
8020020e 8020020e        0     1                 
80200214 80200214        0     1                 
8020021a 8020021a        0     1                 
8020021a 8020021a        0     1                 
8020021e 8020021e        0     1                 
80200222 80200222        0     1                 
80200226 80200226        0     1                 
8020022a 8020022a        0     1                 
8020022e 8020022e        0     1                 
80200232 80200232        0     1                 
80200236 80200236        0     1                 
8020023a 8020023a        0     1                 
8020023e 8020023e        0     1                 
80200242 80200242        0     1                 
80200246 80200246        0     1                 
8020024a 8020024a        0     1                 
8020024e 8020024e        0     1                 
80200256 80200256        0     1                 
80200258 80200258        0     1                 
80200258 80200258        0     1                 
8020025a 8020025a        0     1                 
8020025c 8020025c        0     1                 
80200260 80200260        0     1                 
80200260 80200260        0     1                 
80200262 80200262        0     1                 
80200264 80200264        0     1                 
80200268 80200268        0     1                 
80200268 80200268        0     1                 
80200268 80200268        0     1                 
80200268 80200268        0     1                 
80200268 80200268        0     1                 
80200268 80200268       10     1                 delay
80200270 80200270        0     1                 .LBB7_1
80200270 80200270        0     1                 
80200270 80200270        0     1                 
80200272 80200272        0     1                 
80200272 80200272        0     1                 
80200274 80200274        0     1                 
80200274 80200274        0     1                 
80200276 80200276        0     1                 
80200276 80200276        0     1                 
80200278 80200278        0     1                 
80200278 80200278        0     1                 
80200278 80200278        0     1                 
80200278 80200278        0     1                 
80200278 80200278        0     1                 
80200278 80200278       52     1                 proc_a_entry
80200282 80200282        0     1                 
8020028c 8020028c        0     1                 
8020028c 8020028c        0     1                 
8020029c 8020029c        0     1                 .LBB8_1
8020029c 8020029c        0     1                 
8020029c 8020029c        0     1                 
802002b2 802002b2        0     1                 
802002b2 802002b2        0     1                 
802002b6 802002b6        0     1                 
802002ba 802002ba        0     1                 
802002bc 802002bc        0     1                 
802002be 802002be        0     1                 
802002c0 802002c0        0     1                 
802002c0 802002c0        0     1                 
802002c2 802002c2        0     1                 
802002c2 802002c2        0     1                 .LBB8_2
802002c2 802002c2        0     1                 
802002c4 802002c4        0     1                 
802002c4 802002c4        0     1                 
802002c6 802002c6        0     1                 
802002c6 802002c6        0     1                 
802002ca 802002ca        0     1                 
802002ca 802002ca        0     1                 
802002ca 802002ca        0     1                 
802002ca 802002ca        0     1                 
802002ca 802002ca        0     1                 
802002ca 802002ca        0     1                 
802002ca 802002ca       52     1                 proc_b_entry
802002d4 802002d4        0     1                 
802002de 802002de        0     1                 
802002de 802002de        0     1                 
802002ee 802002ee        0     1                 .LBB9_1
802002ee 802002ee        0     1                 
802002ee 802002ee        0     1                 
80200304 80200304        0     1                 
80200304 80200304        0     1                 
80200308 80200308        0     1                 
8020030c 8020030c        0     1                 
8020030e 8020030e        0     1                 
80200310 80200310        0     1                 
80200312 80200312        0     1                 
80200312 80200312        0     1                 
80200314 80200314        0     1                 
80200314 80200314        0     1                 .LBB9_2
80200314 80200314        0     1                 
80200316 80200316        0     1                 
80200316 80200316        0     1                 
80200318 80200318        0     1                 
80200318 80200318        0     1                 
8020031c 8020031c        0     1                 
8020031c 8020031c        0     1                 
8020031c 8020031c        0     1                 
8020031c 8020031c        0     1                 
8020031c 8020031c        0     1                 
8020031c 8020031c        0     1                 
8020031c 8020031c      120     1                 kernel_main
80200328 80200328        0     1                 
8020033e 8020033e        0     1                 
8020033e 8020033e        0     1                 
80200346 80200346        0     1                 
8020034a 8020034a        0     1                 
8020034a 8020034a        0     1                 
80200352 80200352        0     1                 
80200352 80200352        0     1                 
80200354 80200354        0     1                 
80200354 80200354        0     1                 
80200356 80200356        0     1                 
8020035e 8020035e        0     1                 
80200362 80200362        0     1                 
80200366 80200366        0     1                 
8020037c 8020037c        0     1                 
8020037c 8020037c        0     1                 .LBB10_2
8020037e 8020037e        0     1                 .LBB10_3
8020037e 8020037e        0     1                 
80200386 80200386        0     1                 
80200386 80200386        0     1                 
8020038a 8020038a        0     1                 
8020038a 8020038a        0     1                 
8020038c 8020038c        0     1                 
80200392 80200392        0     1                 
80200396 80200396        0     1                 
80200396 80200396        0     1                 
802003ac 802003ac        0     1                 
802003ac 802003ac        0     1                 .LBB10_5
802003ae 802003ae        0     1                 .LBB10_6
802003ae 802003ae        0     1                 
802003b6 802003b6        0     1                 
802003b6 802003b6        0     1                 
802003c2 802003c2        0     1                 
802003c2 802003c2        0     1                 
802003ce 802003ce        0     1                 
802003ce 802003ce        0     1                 
802003d8 802003d8        0     1                 
802003d8 802003d8        0     1                 
802003e2 802003e2        0     1                 
802003e2 802003e2        0     1                 
802003e6 802003e6        0     1                 
802003ea 802003ea        0     1                 
802003f4 802003f4        0     1                 
802003f4 802003f4        0     1                 
802003fc 802003fc        0     1                 
802003fc 802003fc        0     1                 
80200406 80200406        0     1                 
80200406 80200406        0     1                 
8020040e 8020040e        0     1                 
8020040e 8020040e        0     1                 .LBB10_7
8020040e 8020040e        0     1                 
80200424 80200424        0     1                 
80200424 80200424        0     1                 
80200428 80200428        0     1                 
8020042c 8020042c        0     1                 
8020042e 8020042e        0     1                 
80200430 80200430        0     1                 
80200432 80200432        0     1                 
80200432 80200432        0     1                 
80200434 80200434        0     1                 
80200434 80200434        0     1                 .LBB10_8
80200434 80200434        0     1                 
80200436 80200436        0     1                 
80200436 80200436        0     1                 
80200438 80200438        0     1                 
80200438 80200438        0     1                 
8020043c 8020043c        0     1                 
8020043c 8020043c        0     1                 
8020043c 8020043c        0     1                 
8020043c 8020043c      256     2         /tmp/common-7d4fd9.o:(.text)
8020043c 8020043c        0     1                 
8020043c 8020043c        0     1                 
8020043c 8020043c        0     1                 $x.0
8020043c 8020043c        0     1                 
8020043c 8020043c      1a2     1                 printf
8020046a 8020046a        0     1                 
80200492 80200492        0     1                 .LBB0_1
80200492 80200492        0     1                 
80200496 80200496        0     1                 .LBB0_2
80200496 80200496        0     1                 
80200498 80200498        0     1                 .LBB0_3
80200498 80200498        0     1                 
8020049c 8020049c        0     1                 
802004a4 802004a4        0     1                 
802004a6 802004a6        0     1                 
802004a6 802004a6        0     1                 
802004a8 802004a8        0     1                 
802004aa 802004aa        0     1                 .LBB0_6
802004aa 802004aa        0     1                 
802004ae 802004ae        0     1                 
802004b0 802004b0        0     1                 
802004bc 802004bc        0     1                 
802004bc 802004bc        0     1                 
802004c6 802004c6        0     1                 
802004c6 802004c6        0     1                 
802004ca 802004ca        0     1                 
802004ca 802004ca        0     1                 
802004cc 802004cc        0     1                 
802004d0 802004d0        0     1                 
802004d2 802004d2        0     1                 
802004d2 802004d2        0     1                 
802004d8 802004d8        0     1                 
802004d8 802004d8        0     1                 
802004da 802004da        0     1                 
802004de 802004de        0     1                 
802004e0 802004e0        0     1                 
802004e0 802004e0        0     1                 
802004e6 802004e6        0     1                 
802004e6 802004e6        0     1                 
802004e8 802004e8        0     1                 
802004ec 802004ec        0     1                 
802004ee 802004ee        0     1                 
802004ee 802004ee        0     1                 
802004f4 802004f4        0     1                 
802004f4 802004f4        0     1                 
802004f6 802004f6        0     1                 
802004fa 802004fa        0     1                 
802004fc 802004fc        0     1                 
802004fc 802004fc        0     1                 
80200502 80200502        0     1                 
80200502 80200502        0     1                 
80200504 80200504        0     1                 
80200508 80200508        0     1                 
8020050a 8020050a        0     1                 
8020050a 8020050a        0     1                 
80200510 80200510        0     1                 
80200510 80200510        0     1                 
80200512 80200512        0     1                 
80200516 80200516        0     1                 
80200518 80200518        0     1                 
80200518 80200518        0     1                 
8020051e 8020051e        0     1                 
8020051e 8020051e        0     1                 
80200520 80200520        0     1                 
80200524 80200524        0     1                 
80200526 80200526        0     1                 
80200526 80200526        0     1                 
80200528 80200528        0     1                 
80200528 80200528        0     1                 
8020052a 8020052a        0     1                 
8020052e 8020052e        0     1                 
8020052e 8020052e        0     1                 
80200530 80200530        0     1                 
80200530 80200530        0     1                 
80200532 80200532        0     1                 
80200534 80200534        0     1                 .LBB0_10
80200534 80200534        0     1                 
80200534 80200534        0     1                 
8020053c 8020053c        0     1                 
8020053c 8020053c        0     1                 
80200548 80200548        0     1                 
80200548 80200548        0     1                 
8020054c 8020054c        0     1                 
8020054c 8020054c        0     1                 
8020054e 8020054e        0     1                 
80200554 80200554        0     1                 .LBB0_13
80200554 80200554        0     1                 
80200554 80200554        0     1                 
8020055e 8020055e        0     1                 
8020055e 8020055e        0     1                 
80200562 80200562        0     1                 
80200568 80200568        0     1                 
80200568 80200568        0     1                 .LBB0_15
80200568 80200568        0     1                 
8020056e 8020056e        0     1                 
8020056e 8020056e        0     1                 
80200572 80200572        0     1                 
80200574 80200574        0     1                 
80200578 80200578        0     1                 .LBB0_16
80200578 80200578        0     1                 
80200578 80200578        0     1                 
8020057e 8020057e        0     1                 
8020057e 8020057e        0     1                 
80200582 80200582        0     1                 
80200582 80200582        0     1                 
80200584 80200584        0     1                 
80200588 80200588        0     1                 .LBB0_17
80200588 80200588        0     1                 
8020058a 8020058a        0     1                 
8020058a 8020058a        0     1                 .LBB0_18
8020058a 8020058a        0     1                 
8020058e 8020058e        0     1                 
80200592 80200592        0     1                 
80200596 80200596        0     1                 .LBB0_19
80200596 80200596        0     1                 
80200596 80200596        0     1                 
80200598 80200598        0     1                 
80200598 80200598        0     1                 
8020059c 8020059c        0     1                 
802005a0 802005a0        0     1                 
802005a6 802005a6        0     1                 
802005a6 802005a6        0     1                 
802005b4 802005b4        0     1                 
802005b4 802005b4        0     1                 
802005ba 802005ba        0     1                 .LBB0_20
802005ba 802005ba        0     1                 
802005ba 802005ba        0     1                 
802005c0 802005c0        0     1                 .LBB0_21
802005c0 802005c0        0     1                 
802005c0 802005c0        0     1                 
802005c4 802005c4        0     1                 
802005da 802005da        0     1                 
802005de 802005de        0     1                 
802005de 802005de        0     1                 
802005de 802005de        0     1                 
802005de 802005de        0     1                 
802005de 802005de        0     1                 
802005de 802005de       1c     1                 memcpy
802005e2 802005e2        0     1                 
802005e2 802005e2        0     1                 
802005e4 802005e4        0     1                 
802005e4 802005e4        0     1                 .LBB1_2
802005e4 802005e4        0     1                 
802005e8 802005e8        0     1                 
802005ea 802005ea        0     1                 
802005ee 802005ee        0     1                 
802005ee 802005ee        0     1                 
802005f2 802005f2        0     1                 
802005f4 802005f4        0     1                 
802005f4 802005f4        0     1                 
802005f8 802005f8        0     1                 .LBB1_3
802005f8 802005f8        0     1                 
802005f8 802005f8        0     1                 
802005fa 802005fa        0     1                 
802005fa 802005fa        0     1                 
802005fa 802005fa        0     1                 
802005fa 802005fa        0     1                 
802005fa 802005fa        0     1                 
802005fa 802005fa       16     1                 memset
802005fe 802005fe        0     1                 
802005fe 802005fe        0     1                 
80200600 80200600        0     1                 
80200600 80200600        0     1                 .LBB2_2
80200600 80200600        0     1                 
80200604 80200604        0     1                 
80200604 80200604        0     1                 
80200608 80200608        0     1                 
8020060a 8020060a        0     1                 
8020060a 8020060a        0     1                 
8020060e 8020060e        0     1                 .LBB2_3
8020060e 8020060e        0     1                 
8020060e 8020060e        0     1                 
80200610 80200610        0     1                 
80200610 80200610        0     1                 
80200610 80200610        0     1                 
80200610 80200610        0     1                 
80200610 80200610        0     1                 
80200610 80200610       24     1                 strcpy
80200616 80200616        0     1                 
8020061a 8020061a        0     1                 
8020061a 8020061a        0     1                 
8020061c 8020061c        0     1                 
8020061c 8020061c        0     1                 .LBB3_2
8020061c 8020061c        0     1                 
80200620 80200620        0     1                 
80200624 80200624        0     1                 
80200628 80200628        0     1                 
80200628 80200628        0     1                 
8020062a 8020062a        0     1                 
8020062a 8020062a        0     1                 
8020062c 8020062c        0     1                 
8020062e 8020062e        0     1                 .LBB3_3
8020062e 8020062e        0     1                 
8020062e 8020062e        0     1                 
80200632 80200632        0     1                 
80200634 80200634        0     1                 
80200634 80200634        0     1                 
80200634 80200634        0     1                 
80200634 80200634        0     1                 
80200634 80200634        0     1                 
80200634 80200634       30     1                 strcpy_s
80200638 80200638        0     1                 
8020063c 8020063c        0     1                 
80200640 80200640        0     1                 
80200640 80200640        0     1                 .LBB4_2
80200640 80200640        0     1                 
80200644 80200644        0     1                 
80200646 80200646        0     1                 
80200648 80200648        0     1                 
8020064c 8020064c        0     1                 
8020064c 8020064c        0     1                 
8020064e 8020064e        0     1                 
80200654 80200654        0     1                 
8020065a 8020065a        0     1                 .LBB4_4
8020065a 8020065a        0     1                 
8020065a 8020065a        0     1                 
8020065c 8020065c        0     1                 .LBB4_5
8020065c 8020065c        0     1                 
8020065c 8020065c        0     1                 
80200660 80200660        0     1                 
80200662 80200662        0     1                 
80200664 80200664        0     1                 
80200664 80200664        0     1                 
80200664 80200664        0     1                 
80200664 80200664        0     1                 
80200664 80200664        0     1                 
80200664 80200664       2e     1                 strcmp
80200668 80200668        0     1                 
8020066a 8020066a        0     1                 
8020066c 8020066c        0     1                 
8020066c 8020066c        0     1                 .LBB5_2
8020066c 8020066c        0     1                 
80200674 80200674        0     1                 
80200678 80200678        0     1                 
80200678 80200678        0     1                 
8020067c 8020067c        0     1                 
8020067e 8020067e        0     1                 
80200680 80200680        0     1                 
80200682 80200682        0     1                 .LBB5_4
80200682 80200682        0     1                 
80200688 80200688        0     1                 .LBB5_5
80200688 80200688        0     1                 
80200688 80200688        0     1                 
8020068a 8020068a        0     1                 .LBB5_6
8020068a 8020068a        0     1                 
8020068a 8020068a        0     1                 
8020068e 8020068e        0     1                 
8020068e 8020068e        0     1                 
80200690 80200690        0     1                 
80200692 80200692        0     1                 
80200692 80200692        0     1                 
80200694 80200694      14e     4 .rodata
80200694 80200694      14e     1         <internal>:(.rodata.str1.1)
802007e4 802007e4        4     4 .sdata
802007e4 802007e4        4     4         /tmp/kernel-cb4d16.o:(.sdata)
802007e4 802007e4        4     1                 alloc_pages.next_paddr
802007e4 802007e4        0     1                 $d.2
802007e8 802007e8    10068     4 .bss
802007e8 802007e8        0     1         __bss = .
802007e8 802007e8    10060     4         /tmp/kernel-cb4d16.o:(.bss)
802007e8 802007e8        0     1                 $d.4
802007e8 802007e8    10060     1                 procs
80210848 80210848        8     4         /tmp/kernel-cb4d16.o:(.sbss)
80210848 80210848        0     1                 $d.5
80210848 80210848        4     1                 proc_a
8021084c 8021084c        4     1                 proc_b
80210850 80210850        0     1         __bss_end = .
80210850 80210850        0     1 . = ALIGN ( 4 )
80210850 80210850    20000     1 . += 128 * 1024
80230850 80230850        0     1 __stack_top = .
80230850 80230850      7b0     1 . = ALIGN ( 4096 )
80231000 80231000        0     1 __free_ram = .
80231000 80231000  4000000     1 . += 64 * 1024 * 1024
84231000 84231000        0     1 __free_ram_end = .
       0        0      7b1     1 .debug_loc
       0        0      49b     1         /tmp/kernel-cb4d16.o:(.debug_loc)
       0        0        0     1                 
       0        0        0     1                 $d.6
      1b       1b        0     1                 
      36       36        0     1                 
      51       51        0     1                 
      6e       6e        0     1                 
      89       89        0     1                 
      a4       a4        0     1                 
      bf       bf        0     1                 
      da       da        0     1                 
      f5       f5        0     1                 
     110      110        0     1                 
     136      136        0     1                 
     216      216        0     1                 
     23d      23d        0     1                 
     267      267        0     1                 
     2a6      2a6        0     1                 
     2c4      2c4        0     1                 
     2e1      2e1        0     1                 
     320      320        0     1                 
     33e      33e        0     1                 
     35b      35b        0     1                 
     39a      39a        0     1                 
     3b5      3b5        0     1                 
     3d0      3d0        0     1                 
     3eb      3eb        0     1                 
     406      406        0     1                 
     421      421        0     1                 
     43f      43f        0     1                 
     45c      45c        0     1                 
     49b      49b      316     1         /tmp/common-7d4fd9.o:(.debug_loc)
     49b      49b        0     1                 
     49b      49b        0     1                 $d.2
     4b9      4b9        0     1                 
     536      536        0     1                 
     549      549        0     1                 
     5a9      5a9        0     1                 
     5c7      5c7        0     1                 
     60a      60a        0     1                 
     635      635        0     1                 
     648      648        0     1                 
     67c      67c        0     1                 
     691      691        0     1                 
     6c5      6c5        0     1                 
     6da      6da        0     1                 
     6f8      6f8        0     1                 
     721      721        0     1                 
     755      755        0     1                 
     768      768        0     1                 
     79e      79e        0     1                 
       0        0      382     1 .debug_abbrev
       0        0      25a     1         /tmp/kernel-cb4d16.o:(.debug_abbrev)
       0        0        0     1                 $d.7
     25a      25a      128     1         /tmp/common-7d4fd9.o:(.debug_abbrev)
     25a      25a        0     1                 $d.3
       0        0      e54     1 .debug_info
       0        0      aea     1         /tmp/kernel-cb4d16.o:(.debug_info)
       0        0        0     1                 $d.8
     aea      aea      36a     1         /tmp/common-7d4fd9.o:(.debug_info)
     aea      aea        0     1                 $d.4
       0        0       30     1 .debug_ranges
       0        0       18     1         /tmp/kernel-cb4d16.o:(.debug_ranges)
       0        0        0     1                 
       0        0        0     1                 $d.9
      18       18       18     1         /tmp/common-7d4fd9.o:(.debug_ranges)
      18       18        0     1                 
      18       18        0     1                 $d.5
       0        0      2dc     1 .debug_str
       0        0      2dc     1         <internal>:(.debug_str)
       0        0       42     1 .comment
       0        0       42     1         <internal>:(.comment)
       0        0       2b     1 .riscv.attributes
       0        0       2b     1         <internal>:(.riscv.attributes)
       0        0      1a8     4 .debug_frame
       0        0      114     4         /tmp/kernel-cb4d16.o:(.debug_frame)
       0        0        0     1                 
       0        0        0     1                 $d.13
     114      114       94     4         /tmp/common-7d4fd9.o:(.debug_frame)
     114      114        0     1                 
     114      114        0     1                 $d.9
       0        0      8b1     1 .debug_line
       0        0      491     1         /tmp/kernel-cb4d16.o:(.debug_line)
       0        0        0     1                 .Lline_table_start0
       0        0        0     1                 $d.14
     491      491      420     1         /tmp/common-7d4fd9.o:(.debug_line)
     491      491        0     1                 .Lline_table_start0
     491      491        0     1                 $d.10
       0        0     2c50     4 .symtab
       0        0     2c50     4         <internal>:(.symtab)
       0        0       a7     1 .shstrtab
       0        0       a7     1         <internal>:(.shstrtab)
       0        0      1ad     1 .strtab
       0        0      1ad     1         <internal>:(.strtab)
