     VMA      LMA     Size Align Out     In      Symbol
       0        0 80200000     1 . = 0x80200000
80200000        0        0     1 __kernel_base = .
80200000 80200000      9b8     4 .text
80200000 80200000        e     2         /tmp/kernel-d8be8e.o:(.text.boot)
80200000 80200000        0     1                 
80200000 80200000        0     1                 
80200000 80200000        0     1                 $x.1
80200000 80200000        0     1                 
80200000 80200000        e     1                 boot
8020000e 8020000e        0     1                 
8020000e 8020000e        0     1                 
80200010 80200010      742     4         /tmp/kernel-d8be8e.o:(.text)
80200010 80200010        0     1                 
80200010 80200010        0     1                 
80200010 80200010        0     1                 $x.0
80200010 80200010        0     1                 
80200010 80200010        6     1                 sbi_call
80200014 80200014        0     1                 
80200016 80200016        0     1                 
80200016 80200016        0     1                 
80200016 80200016        0     1                 
80200016 80200016       14     1                 putchar
80200028 80200028        0     1                 
8020002a 8020002a        0     1                 
8020002a 8020002a        0     1                 
8020002a 8020002a        0     1                 
8020002a 8020002a       50     1                 alloc_pages
80200030 80200030        0     1                 
80200038 80200038        0     1                 
80200038 80200038        0     1                 
8020003c 8020003c        0     1                 
80200040 80200040        0     1                 
80200040 80200040        0     1                 
80200048 80200048        0     1                 
8020004c 8020004c        0     1                 
80200050 80200050        0     1                 
80200066 80200066        0     1                 
80200066 80200066        0     1                 .LBB2_2
80200068 80200068        0     1                 .LBB2_3
80200068 80200068        0     1                 
80200070 80200070        0     1                 
80200070 80200070        0     1                 
80200076 80200076        0     1                 
80200076 80200076        0     1                 
8020007a 8020007a        0     1                 
8020007a 8020007a        0     1                 
8020007a 8020007a        0     1                 
8020007a 8020007a        0     1                 
8020007a 8020007a        0     1                 
8020007a 8020007a       da     1                 map_page
8020008a 8020008a        0     1                 
8020008a 8020008a        0     1                 
8020008e 8020008e        0     1                 
80200092 80200092        0     1                 
802000a2 802000a2        0     1                 
802000a4 802000a4        0     1                 
802000a6 802000a6        0     1                 
802000a6 802000a6        0     1                 .LBB3_2
802000a8 802000a8        0     1                 .LBB3_3
802000a8 802000a8        0     1                 
802000a8 802000a8        0     1                 
802000ac 802000ac        0     1                 
802000ae 802000ae        0     1                 
802000b0 802000b0        0     1                 
802000b4 802000b4        0     1                 
802000c2 802000c2        0     1                 
802000c6 802000c6        0     1                 
802000c8 802000c8        0     1                 
802000c8 802000c8        0     1                 .LBB3_5
802000ca 802000ca        0     1                 .LBB3_6
802000ca 802000ca        0     1                 
802000ca 802000ca        0     1                 
802000d6 802000d6        0     1                 
802000d6 802000d6        0     1                 
802000da 802000da        0     1                 
802000dc 802000dc        0     1                 
802000dc 802000dc        0     1                 
802000e4 802000e4        0     1                 
802000e4 802000e4        0     1                 
802000e6 802000e6        0     1                 
802000e8 802000e8        0     1                 
802000f0 802000f0        0     1                 
802000f4 802000f4        0     1                 
802000f8 802000f8        0     1                 
8020010c 8020010c        0     1                 
8020010e 8020010e        0     1                 
8020010e 8020010e        0     1                 .LBB3_9
80200110 80200110        0     1                 .LBB3_10
80200110 80200110        0     1                 
80200110 80200110        0     1                 
80200112 80200112        0     1                 
80200112 80200112        0     1                 
8020011a 8020011a        0     1                 
8020011e 8020011e        0     1                 
8020011e 8020011e        0     1                 
80200122 80200122        0     1                 
80200122 80200122        0     1                 
80200128 80200128        0     1                 
8020012a 8020012a        0     1                 
8020012c 8020012c        0     1                 .LBB3_11
8020012c 8020012c        0     1                 
8020012c 8020012c        0     1                 
80200130 80200130        0     1                 
80200130 80200130        0     1                 
80200132 80200132        0     1                 
80200138 80200138        0     1                 
8020013a 8020013a        0     1                 
8020013a 8020013a        0     1                 
8020013e 8020013e        0     1                 
80200142 80200142        0     1                 
80200142 80200142        0     1                 
80200150 80200150        0     1                 
80200154 80200154        0     1                 
80200154 80200154        0     1                 
80200154 80200154        0     1                 
80200154 80200154        0     1                 
80200154 80200154        0     1                 
80200154 80200154       96     1                 kernel_entry
802001ea 802001ea        0     1                 
802001ea 802001ea        0     1                 
802001ea 802001ea        0     1                 
802001ea 802001ea        0     1                 
802001ea 802001ea        0     1                 
802001ea 802001ea       28     1                 handle_trap
802001ee 802001ee        0     1                 
802001ee 802001ee        0     1                 
802001f2 802001f2        0     1                 
802001f2 802001f2        0     1                 
802001f6 802001f6        0     1                 
802001f6 802001f6        0     1                 
802001fa 802001fa        0     1                 
802001fa 802001fa        0     1                 
802001fe 802001fe        0     1                 
80200210 80200210        0     1                 
80200210 80200210        0     1                 .LBB5_1
80200212 80200212        0     1                 
80200212 80200212        0     1                 
80200212 80200212        0     1                 
80200212 80200212        0     1                 
80200212 80200212        0     1                 
80200212 80200212       46     1                 context_switch
80200258 80200258        0     1                 
80200258 80200258        0     1                 
80200258 80200258        0     1                 
80200258 80200258      188     1                 create_process
8020026a 8020026a        0     1                 
80200274 80200274        0     1                 
80200274 80200274        0     1                 
80200276 80200276        0     1                 
80200276 80200276        0     1                 
8020027c 8020027c        0     1                 
8020027e 8020027e        0     1                 
8020027e 8020027e        0     1                 
8020028c 8020028c        0     1                 
8020028e 8020028e        0     1                 
8020028e 8020028e        0     1                 
80200294 80200294        0     1                 
80200296 80200296        0     1                 
80200296 80200296        0     1                 
802002a4 802002a4        0     1                 
802002a6 802002a6        0     1                 
802002a6 802002a6        0     1                 
802002ac 802002ac        0     1                 
802002ae 802002ae        0     1                 
802002ae 802002ae        0     1                 
802002bc 802002bc        0     1                 
802002be 802002be        0     1                 
802002be 802002be        0     1                 
802002c4 802002c4        0     1                 
802002c6 802002c6        0     1                 
802002c6 802002c6        0     1                 
802002ca 802002ca        0     1                 
802002dc 802002dc        0     1                 
802002dc 802002dc        0     1                 .LBB7_9
802002de 802002de        0     1                 .LBB7_10
802002de 802002de        0     1                 
802002de 802002de        0     1                 
802002e2 802002e2        0     1                 .LBB7_11
802002e2 802002e2        0     1                 
802002e6 802002e6        0     1                 .LBB7_12
802002e6 802002e6        0     1                 
802002ea 802002ea        0     1                 .LBB7_13
802002ea 802002ea        0     1                 
802002ee 802002ee        0     1                 .LBB7_14
802002ee 802002ee        0     1                 
802002f2 802002f2        0     1                 .LBB7_15
802002f2 802002f2        0     1                 
802002f6 802002f6        0     1                 .LBB7_16
802002f6 802002f6        0     1                 
802002fa 802002fa        0     1                 .LBB7_17
802002fa 802002fa        0     1                 
802002fc 802002fc        0     1                 .LBB7_18
802002fc 802002fc        0     1                 
802002fc 802002fc        0     1                 
8020030a 8020030a        0     1                 
80200310 80200310        0     1                 
80200314 80200314        0     1                 
80200318 80200318        0     1                 
8020031c 8020031c        0     1                 
80200320 80200320        0     1                 
80200324 80200324        0     1                 
80200328 80200328        0     1                 
8020032c 8020032c        0     1                 
80200330 80200330        0     1                 
80200334 80200334        0     1                 
80200338 80200338        0     1                 
8020033c 8020033c        0     1                 
80200340 80200340        0     1                 
80200348 80200348        0     1                 
80200348 80200348        0     1                 
80200350 80200350        0     1                 
80200350 80200350        0     1                 
80200352 80200352        0     1                 
80200352 80200352        0     1                 
80200358 80200358        0     1                 
80200358 80200358        0     1                 
8020035a 8020035a        0     1                 
80200362 80200362        0     1                 
8020036a 8020036a        0     1                 
80200380 80200380        0     1                 
80200380 80200380        0     1                 .LBB7_20
80200382 80200382        0     1                 .LBB7_21
80200382 80200382        0     1                 
8020038c 8020038c        0     1                 
8020038c 8020038c        0     1                 
80200398 80200398        0     1                 
80200398 80200398        0     1                 
802003a0 802003a0        0     1                 
802003a0 802003a0        0     1                 .LBB7_23
802003a0 802003a0        0     1                 
802003aa 802003aa        0     1                 
802003aa 802003aa        0     1                 
802003ac 802003ac        0     1                 
802003b0 802003b0        0     1                 .LBB7_24
802003b0 802003b0        0     1                 
802003b0 802003b0        0     1                 
802003ba 802003ba        0     1                 
802003ba 802003ba        0     1                 
802003bc 802003bc        0     1                 
802003c2 802003c2        0     1                 
802003c4 802003c4        0     1                 
802003c8 802003c8        0     1                 
802003dc 802003dc        0     1                 
802003dc 802003dc        0     1                 
802003e0 802003e0        0     1                 
802003e0 802003e0        0     1                 
802003e0 802003e0        0     1                 
802003e0 802003e0        0     1                 
802003e0 802003e0        0     1                 
802003e0 802003e0       10     1                 delay
802003e8 802003e8        0     1                 .LBB8_1
802003e8 802003e8        0     1                 
802003e8 802003e8        0     1                 
802003ea 802003ea        0     1                 
802003ea 802003ea        0     1                 
802003ec 802003ec        0     1                 
802003ec 802003ec        0     1                 
802003ee 802003ee        0     1                 
802003ee 802003ee        0     1                 
802003f0 802003f0        0     1                 
802003f0 802003f0        0     1                 
802003f0 802003f0        0     1                 
802003f0 802003f0        0     1                 
802003f0 802003f0        0     1                 
802003f0 802003f0      1dc     1                 yield
802003fc 802003fc        0     1                 
80200400 80200400        0     1                 
80200400 80200400        0     1                 
8020040e 8020040e        0     1                 
80200422 80200422        0     1                 
80200422 80200422        0     1                 
80200426 80200426        0     1                 
80200426 80200426        0     1                 
80200428 80200428        0     1                 
80200428 80200428        0     1                 
8020042c 8020042c        0     1                 
8020042c 8020042c        0     1                 
8020042e 8020042e        0     1                 
80200432 80200432        0     1                 .LBB9_2
80200432 80200432        0     1                 
80200432 80200432        0     1                 
80200436 80200436        0     1                 
80200442 80200442        0     1                 
8020044e 8020044e        0     1                 
80200452 80200452        0     1                 
8020045c 8020045c        0     1                 
8020045c 8020045c        0     1                 
8020045e 8020045e        0     1                 
80200462 80200462        0     1                 .LBB9_4
80200462 80200462        0     1                 
80200462 80200462        0     1                 
80200466 80200466        0     1                 
80200472 80200472        0     1                 
8020048a 8020048a        0     1                 
8020048e 8020048e        0     1                 
8020048e 8020048e        0     1                 
80200490 80200490        0     1                 
80200494 80200494        0     1                 .LBB9_6
80200494 80200494        0     1                 
80200494 80200494        0     1                 
80200498 80200498        0     1                 
802004a4 802004a4        0     1                 
802004b0 802004b0        0     1                 
802004b4 802004b4        0     1                 
802004be 802004be        0     1                 
802004be 802004be        0     1                 
802004c0 802004c0        0     1                 
802004c4 802004c4        0     1                 .LBB9_8
802004c4 802004c4        0     1                 
802004c4 802004c4        0     1                 
802004c8 802004c8        0     1                 
802004d4 802004d4        0     1                 
802004ec 802004ec        0     1                 
802004f0 802004f0        0     1                 
802004f0 802004f0        0     1                 
802004f2 802004f2        0     1                 
802004f6 802004f6        0     1                 .LBB9_10
802004f6 802004f6        0     1                 
802004f6 802004f6        0     1                 
802004fa 802004fa        0     1                 
80200506 80200506        0     1                 
80200512 80200512        0     1                 
80200516 80200516        0     1                 
80200520 80200520        0     1                 
80200520 80200520        0     1                 
80200522 80200522        0     1                 
80200526 80200526        0     1                 .LBB9_12
80200526 80200526        0     1                 
80200526 80200526        0     1                 
8020052a 8020052a        0     1                 
80200536 80200536        0     1                 
8020054e 8020054e        0     1                 
80200552 80200552        0     1                 
80200552 80200552        0     1                 
80200554 80200554        0     1                 
80200558 80200558        0     1                 .LBB9_14
80200558 80200558        0     1                 
80200558 80200558        0     1                 
8020055a 8020055a        0     1                 
80200566 80200566        0     1                 
80200572 80200572        0     1                 
80200576 80200576        0     1                 
80200580 80200580        0     1                 
80200580 80200580        0     1                 
80200582 80200582        0     1                 
80200586 80200586        0     1                 .LBB9_16
80200586 80200586        0     1                 
80200586 80200586        0     1                 
80200588 80200588        0     1                 .LBB9_17
80200588 80200588        0     1                 
80200588 80200588        0     1                 
8020058c 8020058c        0     1                 
80200590 80200590        0     1                 
80200594 80200594        0     1                 
80200598 80200598        0     1                 
8020059a 8020059a        0     1                 
802005a2 802005a2        0     1                 
802005a2 802005a2        0     1                 
802005a6 802005a6        0     1                 
802005ac 802005ac        0     1                 
802005b0 802005b0        0     1                 
802005b4 802005b4        0     1                 
802005b8 802005b8        0     1                 
802005c8 802005c8        0     1                 
802005ca 802005ca        0     1                 .LBB9_19
802005ca 802005ca        0     1                 
802005ca 802005ca        0     1                 
802005cc 802005cc        0     1                 
802005cc 802005cc        0     1                 
802005cc 802005cc        0     1                 
802005cc 802005cc        0     1                 
802005cc 802005cc        0     1                 
802005cc 802005cc       3a     1                 proc_a_entry
802005d2 802005d2        0     1                 
802005dc 802005dc        0     1                 
802005dc 802005dc        0     1                 
802005e4 802005e4        0     1                 .LBB10_1
802005e4 802005e4        0     1                 
802005e4 802005e4        0     1                 
802005fa 802005fa        0     1                 
802005fa 802005fa        0     1                 
802005fc 802005fc        0     1                 
802005fc 802005fc        0     1                 
802005fe 802005fe        0     1                 
802005fe 802005fe        0     1                 .LBB10_2
802005fe 802005fe        0     1                 
80200600 80200600        0     1                 
80200600 80200600        0     1                 
80200602 80200602        0     1                 
80200602 80200602        0     1                 
80200606 80200606        0     1                 
80200606 80200606        0     1                 
80200606 80200606        0     1                 
80200606 80200606        0     1                 
80200606 80200606        0     1                 
80200606 80200606        0     1                 
80200606 80200606       3a     1                 proc_b_entry
8020060c 8020060c        0     1                 
80200616 80200616        0     1                 
80200616 80200616        0     1                 
8020061e 8020061e        0     1                 .LBB11_1
8020061e 8020061e        0     1                 
8020061e 8020061e        0     1                 
80200634 80200634        0     1                 
80200634 80200634        0     1                 
80200636 80200636        0     1                 
80200636 80200636        0     1                 
80200638 80200638        0     1                 
80200638 80200638        0     1                 .LBB11_2
80200638 80200638        0     1                 
8020063a 8020063a        0     1                 
8020063a 8020063a        0     1                 
8020063c 8020063c        0     1                 
8020063c 8020063c        0     1                 
80200640 80200640        0     1                 
80200640 80200640        0     1                 
80200640 80200640        0     1                 
80200640 80200640        0     1                 
80200640 80200640        0     1                 
80200640 80200640        0     1                 
80200640 80200640      112     1                 kernel_main
8020064c 8020064c        0     1                 
80200662 80200662        0     1                 
80200662 80200662        0     1                 
8020066a 8020066a        0     1                 
8020066e 8020066e        0     1                 
8020066e 8020066e        0     1                 
80200676 80200676        0     1                 
80200676 80200676        0     1                 
80200678 80200678        0     1                 
80200678 80200678        0     1                 
8020067a 8020067a        0     1                 
80200682 80200682        0     1                 
80200686 80200686        0     1                 
8020068a 8020068a        0     1                 
802006a0 802006a0        0     1                 
802006a0 802006a0        0     1                 .LBB12_2
802006a2 802006a2        0     1                 .LBB12_3
802006a2 802006a2        0     1                 
802006aa 802006aa        0     1                 
802006aa 802006aa        0     1                 
802006ae 802006ae        0     1                 
802006ae 802006ae        0     1                 
802006b0 802006b0        0     1                 
802006b6 802006b6        0     1                 
802006ba 802006ba        0     1                 
802006ba 802006ba        0     1                 
802006d0 802006d0        0     1                 
802006d0 802006d0        0     1                 .LBB12_5
802006d2 802006d2        0     1                 .LBB12_6
802006d2 802006d2        0     1                 
802006da 802006da        0     1                 
802006da 802006da        0     1                 
802006e6 802006e6        0     1                 
802006e6 802006e6        0     1                 
802006f2 802006f2        0     1                 
802006f2 802006f2        0     1                 
802006fc 802006fc        0     1                 
802006fc 802006fc        0     1                 
80200700 80200700        0     1                 
80200700 80200700        0     1                 
8020070a 8020070a        0     1                 
8020070c 8020070c        0     1                 
80200714 80200714        0     1                 
8020071e 8020071e        0     1                 
8020071e 8020071e        0     1                 
80200726 80200726        0     1                 
80200730 80200730        0     1                 
80200730 80200730        0     1                 
80200738 80200738        0     1                 
8020073a 8020073a        0     1                 
8020073a 8020073a        0     1                 
80200750 80200750        0     1                 
80200750 80200750        0     1                 .LBB12_7
80200752 80200752        0     1                 
80200752 80200752        0     1                 
80200752 80200752      266     2         /tmp/common-764a46.o:(.text)
80200752 80200752        0     1                 
80200752 80200752        0     1                 
80200752 80200752        0     1                 $x.0
80200752 80200752        0     1                 
80200752 80200752      1b2     1                 printf
80200780 80200780        0     1                 
802007a8 802007a8        0     1                 .LBB0_1
802007a8 802007a8        0     1                 
802007ac 802007ac        0     1                 .LBB0_2
802007ac 802007ac        0     1                 
802007ae 802007ae        0     1                 .LBB0_3
802007ae 802007ae        0     1                 
802007b2 802007b2        0     1                 
802007ba 802007ba        0     1                 
802007bc 802007bc        0     1                 
802007bc 802007bc        0     1                 
802007be 802007be        0     1                 
802007c0 802007c0        0     1                 .LBB0_6
802007c0 802007c0        0     1                 
802007c4 802007c4        0     1                 
802007c6 802007c6        0     1                 
802007d2 802007d2        0     1                 
802007d2 802007d2        0     1                 
802007dc 802007dc        0     1                 
802007dc 802007dc        0     1                 
802007e0 802007e0        0     1                 
802007e0 802007e0        0     1                 
802007e2 802007e2        0     1                 
802007e6 802007e6        0     1                 
802007e8 802007e8        0     1                 
802007e8 802007e8        0     1                 
802007ee 802007ee        0     1                 
802007ee 802007ee        0     1                 
802007f0 802007f0        0     1                 
802007f4 802007f4        0     1                 
802007f6 802007f6        0     1                 
802007f6 802007f6        0     1                 
802007fc 802007fc        0     1                 
802007fc 802007fc        0     1                 
802007fe 802007fe        0     1                 
80200802 80200802        0     1                 
80200804 80200804        0     1                 
80200804 80200804        0     1                 
8020080a 8020080a        0     1                 
8020080a 8020080a        0     1                 
8020080c 8020080c        0     1                 
80200810 80200810        0     1                 
80200812 80200812        0     1                 
80200812 80200812        0     1                 
80200818 80200818        0     1                 
80200818 80200818        0     1                 
8020081a 8020081a        0     1                 
8020081e 8020081e        0     1                 
80200822 80200822        0     1                 
80200822 80200822        0     1                 
80200828 80200828        0     1                 
80200828 80200828        0     1                 
8020082a 8020082a        0     1                 
8020082e 8020082e        0     1                 
80200832 80200832        0     1                 
80200832 80200832        0     1                 
80200838 80200838        0     1                 
80200838 80200838        0     1                 
8020083a 8020083a        0     1                 
8020083e 8020083e        0     1                 
80200842 80200842        0     1                 
80200842 80200842        0     1                 
80200844 80200844        0     1                 
80200844 80200844        0     1                 
80200846 80200846        0     1                 
8020084a 8020084a        0     1                 
8020084a 8020084a        0     1                 
8020084e 8020084e        0     1                 
8020084e 8020084e        0     1                 
80200850 80200850        0     1                 
80200852 80200852        0     1                 .LBB0_10
80200852 80200852        0     1                 
80200852 80200852        0     1                 
8020085a 8020085a        0     1                 
8020085a 8020085a        0     1                 
80200866 80200866        0     1                 
80200866 80200866        0     1                 
8020086a 8020086a        0     1                 
8020086a 8020086a        0     1                 
8020086c 8020086c        0     1                 
80200872 80200872        0     1                 .LBB0_13
80200872 80200872        0     1                 
80200872 80200872        0     1                 
8020087c 8020087c        0     1                 
8020087c 8020087c        0     1                 
80200880 80200880        0     1                 
80200886 80200886        0     1                 
80200886 80200886        0     1                 .LBB0_15
80200886 80200886        0     1                 
8020088e 8020088e        0     1                 
8020088e 8020088e        0     1                 
80200892 80200892        0     1                 
80200894 80200894        0     1                 
80200898 80200898        0     1                 .LBB0_16
80200898 80200898        0     1                 
80200898 80200898        0     1                 
802008a0 802008a0        0     1                 
802008a0 802008a0        0     1                 
802008a4 802008a4        0     1                 
802008a4 802008a4        0     1                 
802008a6 802008a6        0     1                 
802008aa 802008aa        0     1                 .LBB0_17
802008aa 802008aa        0     1                 
802008ac 802008ac        0     1                 
802008ac 802008ac        0     1                 .LBB0_18
802008ac 802008ac        0     1                 
802008b0 802008b0        0     1                 
802008b4 802008b4        0     1                 
802008b8 802008b8        0     1                 .LBB0_19
802008b8 802008b8        0     1                 
802008b8 802008b8        0     1                 
802008ba 802008ba        0     1                 
802008ba 802008ba        0     1                 
802008be 802008be        0     1                 
802008c2 802008c2        0     1                 
802008ca 802008ca        0     1                 
802008ca 802008ca        0     1                 
802008d8 802008d8        0     1                 
802008d8 802008d8        0     1                 
802008de 802008de        0     1                 .LBB0_20
802008de 802008de        0     1                 
802008de 802008de        0     1                 
802008e6 802008e6        0     1                 .LBB0_21
802008e6 802008e6        0     1                 
802008e6 802008e6        0     1                 
802008ea 802008ea        0     1                 
80200900 80200900        0     1                 
80200904 80200904        0     1                 
80200904 80200904        0     1                 
80200904 80200904        0     1                 
80200904 80200904        0     1                 
80200904 80200904        0     1                 
80200904 80200904       1c     1                 memcpy
80200908 80200908        0     1                 
80200908 80200908        0     1                 
8020090a 8020090a        0     1                 
8020090a 8020090a        0     1                 .LBB1_2
8020090a 8020090a        0     1                 
8020090e 8020090e        0     1                 
80200910 80200910        0     1                 
80200914 80200914        0     1                 
80200914 80200914        0     1                 
80200918 80200918        0     1                 
8020091a 8020091a        0     1                 
8020091a 8020091a        0     1                 
8020091e 8020091e        0     1                 .LBB1_3
8020091e 8020091e        0     1                 
8020091e 8020091e        0     1                 
80200920 80200920        0     1                 
80200920 80200920        0     1                 
80200920 80200920        0     1                 
80200920 80200920        0     1                 
80200920 80200920        0     1                 
80200920 80200920       16     1                 memset
80200924 80200924        0     1                 
80200924 80200924        0     1                 
80200926 80200926        0     1                 
80200926 80200926        0     1                 .LBB2_2
80200926 80200926        0     1                 
8020092a 8020092a        0     1                 
8020092a 8020092a        0     1                 
8020092e 8020092e        0     1                 
80200930 80200930        0     1                 
80200930 80200930        0     1                 
80200934 80200934        0     1                 .LBB2_3
80200934 80200934        0     1                 
80200934 80200934        0     1                 
80200936 80200936        0     1                 
80200936 80200936        0     1                 
80200936 80200936        0     1                 
80200936 80200936        0     1                 
80200936 80200936        0     1                 
80200936 80200936       24     1                 strcpy
8020093c 8020093c        0     1                 
80200940 80200940        0     1                 
80200940 80200940        0     1                 
80200942 80200942        0     1                 
80200942 80200942        0     1                 .LBB3_2
80200942 80200942        0     1                 
80200946 80200946        0     1                 
8020094a 8020094a        0     1                 
8020094e 8020094e        0     1                 
8020094e 8020094e        0     1                 
80200950 80200950        0     1                 
80200950 80200950        0     1                 
80200952 80200952        0     1                 
80200954 80200954        0     1                 .LBB3_3
80200954 80200954        0     1                 
80200954 80200954        0     1                 
80200958 80200958        0     1                 
8020095a 8020095a        0     1                 
8020095a 8020095a        0     1                 
8020095a 8020095a        0     1                 
8020095a 8020095a        0     1                 
8020095a 8020095a        0     1                 
8020095a 8020095a       30     1                 strcpy_s
8020095e 8020095e        0     1                 
80200962 80200962        0     1                 
80200966 80200966        0     1                 
80200966 80200966        0     1                 .LBB4_2
80200966 80200966        0     1                 
8020096a 8020096a        0     1                 
8020096c 8020096c        0     1                 
8020096e 8020096e        0     1                 
80200972 80200972        0     1                 
80200972 80200972        0     1                 
80200974 80200974        0     1                 
8020097a 8020097a        0     1                 
80200980 80200980        0     1                 .LBB4_4
80200980 80200980        0     1                 
80200980 80200980        0     1                 
80200982 80200982        0     1                 .LBB4_5
80200982 80200982        0     1                 
80200982 80200982        0     1                 
80200986 80200986        0     1                 
80200988 80200988        0     1                 
8020098a 8020098a        0     1                 
8020098a 8020098a        0     1                 
8020098a 8020098a        0     1                 
8020098a 8020098a        0     1                 
8020098a 8020098a        0     1                 
8020098a 8020098a       2e     1                 strcmp
8020098e 8020098e        0     1                 
80200990 80200990        0     1                 
80200992 80200992        0     1                 
80200992 80200992        0     1                 .LBB5_2
80200992 80200992        0     1                 
8020099a 8020099a        0     1                 
8020099e 8020099e        0     1                 
8020099e 8020099e        0     1                 
802009a2 802009a2        0     1                 
802009a4 802009a4        0     1                 
802009a6 802009a6        0     1                 
802009a8 802009a8        0     1                 .LBB5_4
802009a8 802009a8        0     1                 
802009ae 802009ae        0     1                 .LBB5_5
802009ae 802009ae        0     1                 
802009ae 802009ae        0     1                 
802009b0 802009b0        0     1                 .LBB5_6
802009b0 802009b0        0     1                 
802009b0 802009b0        0     1                 
802009b4 802009b4        0     1                 
802009b4 802009b4        0     1                 
802009b6 802009b6        0     1                 
802009b8 802009b8        0     1                 
802009b8 802009b8        0     1                 
802009b8 802009b8      1e1     4 .rodata
802009b8 802009b8      1e1     1         <internal>:(.rodata.str1.1)
80200b9c 80200b9c        4     4 .sdata
80200b9c 80200b9c        4     4         /tmp/kernel-d8be8e.o:(.sdata)
80200b9c 80200b9c        4     1                 alloc_pages.next_paddr
80200b9c 80200b9c        0     1                 $d.2
80200ba0 80200ba0    10090     4 .bss
80200ba0 80200ba0        0     1         __bss = .
80200ba0 80200ba0    10080     4         /tmp/kernel-d8be8e.o:(.bss)
80200ba0 80200ba0        0     1                 $d.4
80200ba0 80200ba0    10080     1                 procs
80210c20 80210c20       10     4         /tmp/kernel-d8be8e.o:(.sbss)
80210c20 80210c20        0     1                 $d.5
80210c20 80210c20        4     1                 idle_proc
80210c24 80210c24        4     1                 current_proc
80210c28 80210c28        4     1                 proc_a
80210c2c 80210c2c        4     1                 proc_b
80210c30 80210c30        0     1         __bss_end = .
80210c30 80210c30        0     1 . = ALIGN ( 4 )
80210c30 80210c30    20000     1 . += 128 * 1024
80230c30 80230c30        0     1 __stack_top = .
80230c30 80230c30      3d0     1 . = ALIGN ( 4096 )
80231000 80231000        0     1 __free_ram = .
80231000 80231000  4000000     1 . += 64 * 1024 * 1024
84231000 84231000        0     1 __free_ram_end = .
       0        0      a24     1 .debug_loc
       0        0      70e     1         /tmp/kernel-d8be8e.o:(.debug_loc)
       0        0        0     1                 
       0        0        0     1                 $d.6
      1b       1b        0     1                 
      36       36        0     1                 
      51       51        0     1                 
      6e       6e        0     1                 
      89       89        0     1                 
      a4       a4        0     1                 
      d5       d5        0     1                 
      fb       fb        0     1                 
     142      142        0     1                 
     189      189        0     1                 
     1a4      1a4        0     1                 
     1bf      1bf        0     1                 
     1da      1da        0     1                 
     1f5      1f5        0     1                 
     210      210        0     1                 
     22b      22b        0     1                 
     246      246        0     1                 
     26c      26c        0     1                 
     359      359        0     1                 
     380      380        0     1                 
     3b9      3b9        0     1                 
     3d4      3d4        0     1                 
     3f0      3f0        0     1                 
     40b      40b        0     1                 
     426      426        0     1                 
     465      465        0     1                 
     4cd      4cd        0     1                 
     552      552        0     1                 
     578      578        0     1                 
     593      593        0     1                 
     5b1      5b1        0     1                 
     5ce      5ce        0     1                 
     60d      60d        0     1                 
     62b      62b        0     1                 
     648      648        0     1                 
     687      687        0     1                 
     6a2      6a2        0     1                 
     6bd      6bd        0     1                 
     6d8      6d8        0     1                 
     6f3      6f3        0     1                 
     70e      70e      316     1         /tmp/common-764a46.o:(.debug_loc)
     70e      70e        0     1                 
     70e      70e        0     1                 $d.2
     72c      72c        0     1                 
     7a9      7a9        0     1                 
     7bc      7bc        0     1                 
     81c      81c        0     1                 
     83a      83a        0     1                 
     87d      87d        0     1                 
     8a8      8a8        0     1                 
     8bb      8bb        0     1                 
     8ef      8ef        0     1                 
     904      904        0     1                 
     938      938        0     1                 
     94d      94d        0     1                 
     96b      96b        0     1                 
     994      994        0     1                 
     9c8      9c8        0     1                 
     9db      9db        0     1                 
     a11      a11        0     1                 
       0        0      3c2     1 .debug_abbrev
       0        0      29a     1         /tmp/kernel-d8be8e.o:(.debug_abbrev)
       0        0        0     1                 $d.7
     29a      29a      128     1         /tmp/common-764a46.o:(.debug_abbrev)
     29a      29a        0     1                 $d.3
       0        0      f99     1 .debug_info
       0        0      c2f     1         /tmp/kernel-d8be8e.o:(.debug_info)
       0        0        0     1                 $d.8
     c2f      c2f      36a     1         /tmp/common-764a46.o:(.debug_info)
     c2f      c2f        0     1                 $d.4
       0        0       78     1 .debug_ranges
       0        0       60     1         /tmp/kernel-d8be8e.o:(.debug_ranges)
       0        0        0     1                 
       0        0        0     1                 $d.9
      18       18        0     1                 
      30       30        0     1                 
      48       48        0     1                 
      60       60       18     1         /tmp/common-764a46.o:(.debug_ranges)
      60       60        0     1                 
      60       60        0     1                 $d.5
       0        0      34c     1 .debug_str
       0        0      34c     1         <internal>:(.debug_str)
       0        0       42     1 .comment
       0        0       42     1         <internal>:(.comment)
       0        0       2b     1 .riscv.attributes
       0        0       2b     1         <internal>:(.riscv.attributes)
       0        0      1dc     4 .debug_frame
       0        0      148     4         /tmp/kernel-d8be8e.o:(.debug_frame)
       0        0        0     1                 
       0        0        0     1                 $d.13
     148      148       94     4         /tmp/common-764a46.o:(.debug_frame)
     148      148        0     1                 
     148      148        0     1                 $d.9
       0        0      bf0     1 .debug_line
       0        0      7d0     1         /tmp/kernel-d8be8e.o:(.debug_line)
       0        0        0     1                 .Lline_table_start0
       0        0        0     1                 $d.14
     7d0      7d0      420     1         /tmp/common-764a46.o:(.debug_line)
     7d0      7d0        0     1                 .Lline_table_start0
     7d0      7d0        0     1                 $d.10
       0        0     3830     4 .symtab
       0        0     3830     4         <internal>:(.symtab)
       0        0       a7     1 .shstrtab
       0        0       a7     1         <internal>:(.shstrtab)
       0        0      1e1     1 .strtab
       0        0      1e1     1         <internal>:(.strtab)
