     VMA      LMA     Size Align Out     In      Symbol
       0        0 80200000     1 . = 0x80200000
80200000 80200000      264     2 .text
80200000 80200000        e     2         /tmp/kernel-b7016b.o:(.text.boot)
80200000 80200000        0     1                 
80200000 80200000        0     1                 
80200000 80200000        0     1                 $x.1
80200000 80200000        0     1                 
80200000 80200000        e     1                 boot
8020000e 8020000e        0     1                 
8020000e 8020000e        0     1                 
8020000e 8020000e       b4     2         /tmp/kernel-b7016b.o:(.text)
8020000e 8020000e        0     1                 
8020000e 8020000e        0     1                 
8020000e 8020000e        0     1                 $x.0
8020000e 8020000e        0     1                 
8020000e 8020000e        6     1                 sbi_call
80200012 80200012        0     1                 
80200014 80200014        0     1                 
80200014 80200014        0     1                 
80200014 80200014        0     1                 
80200014 80200014       14     1                 putchar
80200026 80200026        0     1                 
80200028 80200028        0     1                 
80200028 80200028        0     1                 
80200028 80200028        0     1                 
80200028 80200028       16     1                 memset
8020002c 8020002c        0     1                 
8020002c 8020002c        0     1                 
8020002e 8020002e        0     1                 
8020002e 8020002e        0     1                 .LBB2_2
8020002e 8020002e        0     1                 
80200032 80200032        0     1                 
80200032 80200032        0     1                 
80200036 80200036        0     1                 
80200038 80200038        0     1                 
80200038 80200038        0     1                 
8020003c 8020003c        0     1                 .LBB2_3
8020003c 8020003c        0     1                 
8020003c 8020003c        0     1                 
8020003e 8020003e        0     1                 
8020003e 8020003e        0     1                 
8020003e 8020003e        0     1                 
8020003e 8020003e        0     1                 
8020003e 8020003e        0     1                 
8020003e 8020003e       84     1                 kernel_main
80200042 80200042        0     1                 
80200042 80200042        0     1                 
8020004a 8020004a        0     1                 
80200056 80200056        0     1                 
80200058 80200058        0     1                 
80200058 80200058        0     1                 .LBB3_1
80200058 80200058        0     1                 
8020005c 8020005c        0     1                 
8020005c 8020005c        0     1                 
80200062 80200062        0     1                 
80200062 80200062        0     1                 
80200066 80200066        0     1                 .LBB3_2
80200066 80200066        0     1                 
80200066 80200066        0     1                 
80200082 80200082        0     1                 .LBB3_3
80200082 80200082        0     1                 
80200082 80200082        0     1                 
80200086 80200086        0     1                 
80200086 80200086        0     1                 
8020008c 8020008c        0     1                 
8020008c 8020008c        0     1                 
80200090 80200090        0     1                 
80200096 80200096        0     1                 
80200096 80200096        0     1                 
802000a8 802000a8        0     1                 
802000a8 802000a8        0     1                 
802000bc 802000bc        0     1                 
802000bc 802000bc        0     1                 .LBB3_5
802000bc 802000bc        0     1                 
802000c0 802000c0        0     1                 
802000c2 802000c2        0     1                 
802000c2 802000c2        0     1                 
802000c2 802000c2      1a2     2         /tmp/common-edde0a.o:(.text)
802000c2 802000c2        0     1                 
802000c2 802000c2        0     1                 
802000c2 802000c2        0     1                 $x.0
802000c2 802000c2        0     1                 
802000c2 802000c2      1a2     1                 printf
802000f0 802000f0        0     1                 
80200118 80200118        0     1                 .LBB0_1
80200118 80200118        0     1                 
8020011c 8020011c        0     1                 .LBB0_2
8020011c 8020011c        0     1                 
8020011e 8020011e        0     1                 .LBB0_3
8020011e 8020011e        0     1                 
80200122 80200122        0     1                 
8020012a 8020012a        0     1                 
8020012c 8020012c        0     1                 
8020012c 8020012c        0     1                 
8020012e 8020012e        0     1                 
80200130 80200130        0     1                 .LBB0_6
80200130 80200130        0     1                 
80200134 80200134        0     1                 
80200136 80200136        0     1                 
80200142 80200142        0     1                 
80200142 80200142        0     1                 
8020014c 8020014c        0     1                 
8020014c 8020014c        0     1                 
80200150 80200150        0     1                 
80200150 80200150        0     1                 
80200152 80200152        0     1                 
80200156 80200156        0     1                 
80200158 80200158        0     1                 
80200158 80200158        0     1                 
8020015e 8020015e        0     1                 
8020015e 8020015e        0     1                 
80200160 80200160        0     1                 
80200164 80200164        0     1                 
80200166 80200166        0     1                 
80200166 80200166        0     1                 
8020016c 8020016c        0     1                 
8020016c 8020016c        0     1                 
8020016e 8020016e        0     1                 
80200172 80200172        0     1                 
80200174 80200174        0     1                 
80200174 80200174        0     1                 
8020017a 8020017a        0     1                 
8020017a 8020017a        0     1                 
8020017c 8020017c        0     1                 
80200180 80200180        0     1                 
80200182 80200182        0     1                 
80200182 80200182        0     1                 
80200188 80200188        0     1                 
80200188 80200188        0     1                 
8020018a 8020018a        0     1                 
8020018e 8020018e        0     1                 
80200190 80200190        0     1                 
80200190 80200190        0     1                 
80200196 80200196        0     1                 
80200196 80200196        0     1                 
80200198 80200198        0     1                 
8020019c 8020019c        0     1                 
8020019e 8020019e        0     1                 
8020019e 8020019e        0     1                 
802001a4 802001a4        0     1                 
802001a4 802001a4        0     1                 
802001a6 802001a6        0     1                 
802001aa 802001aa        0     1                 
802001ac 802001ac        0     1                 
802001ac 802001ac        0     1                 
802001ae 802001ae        0     1                 
802001ae 802001ae        0     1                 
802001b0 802001b0        0     1                 
802001b4 802001b4        0     1                 
802001b4 802001b4        0     1                 
802001b6 802001b6        0     1                 
802001b6 802001b6        0     1                 
802001b8 802001b8        0     1                 
802001ba 802001ba        0     1                 .LBB0_10
802001ba 802001ba        0     1                 
802001ba 802001ba        0     1                 
802001c2 802001c2        0     1                 
802001c2 802001c2        0     1                 
802001ce 802001ce        0     1                 
802001ce 802001ce        0     1                 
802001d2 802001d2        0     1                 
802001d2 802001d2        0     1                 
802001d4 802001d4        0     1                 
802001da 802001da        0     1                 .LBB0_13
802001da 802001da        0     1                 
802001da 802001da        0     1                 
802001e4 802001e4        0     1                 
802001e4 802001e4        0     1                 
802001e8 802001e8        0     1                 
802001ee 802001ee        0     1                 
802001ee 802001ee        0     1                 .LBB0_15
802001ee 802001ee        0     1                 
802001f4 802001f4        0     1                 
802001f4 802001f4        0     1                 
802001f8 802001f8        0     1                 
802001fa 802001fa        0     1                 
802001fe 802001fe        0     1                 .LBB0_16
802001fe 802001fe        0     1                 
802001fe 802001fe        0     1                 
80200204 80200204        0     1                 
80200204 80200204        0     1                 
80200208 80200208        0     1                 
80200208 80200208        0     1                 
8020020a 8020020a        0     1                 
8020020e 8020020e        0     1                 .LBB0_17
8020020e 8020020e        0     1                 
80200210 80200210        0     1                 
80200210 80200210        0     1                 .LBB0_18
80200210 80200210        0     1                 
80200214 80200214        0     1                 
80200218 80200218        0     1                 
8020021c 8020021c        0     1                 .LBB0_19
8020021c 8020021c        0     1                 
8020021c 8020021c        0     1                 
8020021e 8020021e        0     1                 
8020021e 8020021e        0     1                 
80200222 80200222        0     1                 
80200226 80200226        0     1                 
8020022c 8020022c        0     1                 
8020022c 8020022c        0     1                 
8020023a 8020023a        0     1                 
8020023a 8020023a        0     1                 
80200240 80200240        0     1                 .LBB0_20
80200240 80200240        0     1                 
80200240 80200240        0     1                 
80200246 80200246        0     1                 .LBB0_21
80200246 80200246        0     1                 
80200246 80200246        0     1                 
8020024a 8020024a        0     1                 
80200260 80200260        0     1                 
80200264 80200264        0     1                 
80200264 80200264        0     1                 
80200264 80200264       4f     4 .rodata
80200264 80200264       4f     1         <internal>:(.rodata.str1.1)
802002b4 802002b4        0     4 .bss
802002b4 802002b4        0     1         __bss = .
802002b4 802002b4        0     1         __bss_end = .
802002b4 802002b4        0     1 . = ALIGN ( 4 )
802002b4 802002b4    20000     1 . += 128 * 1024
802202b4 802202b4        0     1 __stack_top = .
       0        0      302     1 .debug_loc
       0        0      168     1         /tmp/kernel-b7016b.o:(.debug_loc)
       0        0        0     1                 
       0        0        0     1                 $d.3
      1b       1b        0     1                 
      36       36        0     1                 
      51       51        0     1                 
      6e       6e        0     1                 
      aa       aa        0     1                 
      c7       c7        0     1                 
      f8       f8        0     1                 
     113      113        0     1                 
     130      130        0     1                 
     14b      14b        0     1                 
     168      168      19a     1         /tmp/common-edde0a.o:(.debug_loc)
     168      168        0     1                 
     168      168        0     1                 $d.2
     186      186        0     1                 
     203      203        0     1                 
     216      216        0     1                 
     276      276        0     1                 
     294      294        0     1                 
     2d7      2d7        0     1                 
       0        0      26f     1 .debug_abbrev
       0        0      182     1         /tmp/kernel-b7016b.o:(.debug_abbrev)
       0        0        0     1                 $d.4
     182      182       ed     1         /tmp/common-edde0a.o:(.debug_abbrev)
     182      182        0     1                 $d.3
       0        0      61b     1 .debug_info
       0        0      46d     1         /tmp/kernel-b7016b.o:(.debug_info)
       0        0        0     1                 $d.5
     46d      46d      1ae     1         /tmp/common-edde0a.o:(.debug_info)
     46d      46d        0     1                 $d.4
       0        0       30     1 .debug_ranges
       0        0       18     1         /tmp/kernel-b7016b.o:(.debug_ranges)
       0        0        0     1                 
       0        0        0     1                 $d.6
      18       18       18     1         /tmp/common-edde0a.o:(.debug_ranges)
      18       18        0     1                 
      18       18        0     1                 $d.5
       0        0      170     1 .debug_str
       0        0      170     1         <internal>:(.debug_str)
       0        0       42     1 .comment
       0        0       42     1         <internal>:(.comment)
       0        0       2b     1 .riscv.attributes
       0        0       2b     1         <internal>:(.riscv.attributes)
       0        0       b0     4 .debug_frame
       0        0       6c     4         /tmp/kernel-b7016b.o:(.debug_frame)
       0        0        0     1                 
       0        0        0     1                 $d.10
      6c       6c       44     4         /tmp/common-edde0a.o:(.debug_frame)
      6c       6c        0     1                 
      6c       6c        0     1                 $d.9
       0        0      389     1 .debug_line
       0        0      12b     1         /tmp/kernel-b7016b.o:(.debug_line)
       0        0        0     1                 .Lline_table_start0
       0        0        0     1                 $d.11
     12b      12b      25e     1         /tmp/common-edde0a.o:(.debug_line)
     12b      12b        0     1                 .Lline_table_start0
     12b      12b        0     1                 $d.10
       0        0     1290     4 .symtab
       0        0     1290     4         <internal>:(.symtab)
       0        0       a0     1 .shstrtab
       0        0       a0     1         <internal>:(.shstrtab)
       0        0       d5     1 .strtab
       0        0       d5     1         <internal>:(.strtab)
